Archive member included to satisfy reference by file (symbol)

c:/st/stm32cubeide_1.10.1/stm32cubeide/plugins/com.st.stm32cube.ide.mcu.externaltools.gnu-tools-for-stm32.10.3-2021.10.win32_1.0.0.202111181127/tools/bin/../lib/gcc/arm-none-eabi/10.3.1/../../../../arm-none-eabi/lib/thumb/v7e-m+dp/hard\libc_nano.a(lib_a-errno.o)
                              ./Core/Src/syscalls.o (__errno)
c:/st/stm32cubeide_1.10.1/stm32cubeide/plugins/com.st.stm32cube.ide.mcu.externaltools.gnu-tools-for-stm32.10.3-2021.10.win32_1.0.0.202111181127/tools/bin/../lib/gcc/arm-none-eabi/10.3.1/../../../../arm-none-eabi/lib/thumb/v7e-m+dp/hard\libc_nano.a(lib_a-exit.o)
                              c:/st/stm32cubeide_1.10.1/stm32cubeide/plugins/com.st.stm32cube.ide.mcu.externaltools.gnu-tools-for-stm32.10.3-2021.10.win32_1.0.0.202111181127/tools/bin/../lib/gcc/arm-none-eabi/10.3.1/../../../../arm-none-eabi/lib/thumb/v7e-m+dp/hard/crt0.o (exit)
c:/st/stm32cubeide_1.10.1/stm32cubeide/plugins/com.st.stm32cube.ide.mcu.externaltools.gnu-tools-for-stm32.10.3-2021.10.win32_1.0.0.202111181127/tools/bin/../lib/gcc/arm-none-eabi/10.3.1/../../../../arm-none-eabi/lib/thumb/v7e-m+dp/hard\libc_nano.a(lib_a-findfp.o)
                              ./Middlewares/Third_Party/FreeRTOS/tasks.o (__sf_fake_stderr)
c:/st/stm32cubeide_1.10.1/stm32cubeide/plugins/com.st.stm32cube.ide.mcu.externaltools.gnu-tools-for-stm32.10.3-2021.10.win32_1.0.0.202111181127/tools/bin/../lib/gcc/arm-none-eabi/10.3.1/../../../../arm-none-eabi/lib/thumb/v7e-m+dp/hard\libc_nano.a(lib_a-fwalk.o)
                              c:/st/stm32cubeide_1.10.1/stm32cubeide/plugins/com.st.stm32cube.ide.mcu.externaltools.gnu-tools-for-stm32.10.3-2021.10.win32_1.0.0.202111181127/tools/bin/../lib/gcc/arm-none-eabi/10.3.1/../../../../arm-none-eabi/lib/thumb/v7e-m+dp/hard\libc_nano.a(lib_a-findfp.o) (_fwalk)
c:/st/stm32cubeide_1.10.1/stm32cubeide/plugins/com.st.stm32cube.ide.mcu.externaltools.gnu-tools-for-stm32.10.3-2021.10.win32_1.0.0.202111181127/tools/bin/../lib/gcc/arm-none-eabi/10.3.1/../../../../arm-none-eabi/lib/thumb/v7e-m+dp/hard\libc_nano.a(lib_a-impure.o)
                              c:/st/stm32cubeide_1.10.1/stm32cubeide/plugins/com.st.stm32cube.ide.mcu.externaltools.gnu-tools-for-stm32.10.3-2021.10.win32_1.0.0.202111181127/tools/bin/../lib/gcc/arm-none-eabi/10.3.1/../../../../arm-none-eabi/lib/thumb/v7e-m+dp/hard\libc_nano.a(lib_a-exit.o) (_global_impure_ptr)
c:/st/stm32cubeide_1.10.1/stm32cubeide/plugins/com.st.stm32cube.ide.mcu.externaltools.gnu-tools-for-stm32.10.3-2021.10.win32_1.0.0.202111181127/tools/bin/../lib/gcc/arm-none-eabi/10.3.1/../../../../arm-none-eabi/lib/thumb/v7e-m+dp/hard\libc_nano.a(lib_a-init.o)
                              c:/st/stm32cubeide_1.10.1/stm32cubeide/plugins/com.st.stm32cube.ide.mcu.externaltools.gnu-tools-for-stm32.10.3-2021.10.win32_1.0.0.202111181127/tools/bin/../lib/gcc/arm-none-eabi/10.3.1/../../../../arm-none-eabi/lib/thumb/v7e-m+dp/hard/crt0.o (__libc_init_array)
c:/st/stm32cubeide_1.10.1/stm32cubeide/plugins/com.st.stm32cube.ide.mcu.externaltools.gnu-tools-for-stm32.10.3-2021.10.win32_1.0.0.202111181127/tools/bin/../lib/gcc/arm-none-eabi/10.3.1/../../../../arm-none-eabi/lib/thumb/v7e-m+dp/hard\libc_nano.a(lib_a-lock.o)
                              c:/st/stm32cubeide_1.10.1/stm32cubeide/plugins/com.st.stm32cube.ide.mcu.externaltools.gnu-tools-for-stm32.10.3-2021.10.win32_1.0.0.202111181127/tools/bin/../lib/gcc/arm-none-eabi/10.3.1/../../../../arm-none-eabi/lib/thumb/v7e-m+dp/hard\libc_nano.a(lib_a-findfp.o) (__retarget_lock_init_recursive)
c:/st/stm32cubeide_1.10.1/stm32cubeide/plugins/com.st.stm32cube.ide.mcu.externaltools.gnu-tools-for-stm32.10.3-2021.10.win32_1.0.0.202111181127/tools/bin/../lib/gcc/arm-none-eabi/10.3.1/../../../../arm-none-eabi/lib/thumb/v7e-m+dp/hard\libc_nano.a(lib_a-memcpy-stub.o)
                              ./Middlewares/Third_Party/FreeRTOS/cmsis_os2.o (memcpy)
c:/st/stm32cubeide_1.10.1/stm32cubeide/plugins/com.st.stm32cube.ide.mcu.externaltools.gnu-tools-for-stm32.10.3-2021.10.win32_1.0.0.202111181127/tools/bin/../lib/gcc/arm-none-eabi/10.3.1/../../../../arm-none-eabi/lib/thumb/v7e-m+dp/hard\libc_nano.a(lib_a-memset.o)
                              c:/st/stm32cubeide_1.10.1/stm32cubeide/plugins/com.st.stm32cube.ide.mcu.externaltools.gnu-tools-for-stm32.10.3-2021.10.win32_1.0.0.202111181127/tools/bin/../lib/gcc/arm-none-eabi/10.3.1/../../../../arm-none-eabi/lib/thumb/v7e-m+dp/hard/crt0.o (memset)
c:/st/stm32cubeide_1.10.1/stm32cubeide/plugins/com.st.stm32cube.ide.mcu.externaltools.gnu-tools-for-stm32.10.3-2021.10.win32_1.0.0.202111181127/tools/bin/../lib/gcc/arm-none-eabi/10.3.1/../../../../arm-none-eabi/lib/thumb/v7e-m+dp/hard\libc_nano.a(lib_a-nano-mallocr.o)
[...]
Memory Configuration

Name             Origin             Length             Attributes
RAM_D1           0x0000000024000000 0x0000000000080000 xrw
FLASH            0x0000000008000000 0x0000000000100000 xr
DTCMRAM          0x0000000020000000 0x0000000000020000 xrw
RAM_D2           0x0000000030000000 0x0000000000048000 xrw
RAM_D3           0x0000000038000000 0x0000000000010000 xrw
ITCMRAM          0x0000000000000000 0x0000000000010000 xrw
*default*        0x0000000000000000 0xffffffffffffffff

Linker script and memory map

LOAD c:/st/stm32cubeide_1.10.1/stm32cubeide/plugins/com.st.stm32cube.ide.mcu.externaltools.gnu-tools-for-stm32.10.3-2021.10.win32_1.0.0.202111181127/tools/bin/../lib/gcc/arm-none-eabi/10.3.1/thumb/v7e-m+dp/hard/crti.o
LOAD c:/st/stm32cubeide_1.10.1/stm32cubeide/plugins/com.st.stm32cube.ide.mcu.externaltools.gnu-tools-for-stm32.10.3-2021.10.win32_1.0.0.202111181127/tools/bin/../lib/gcc/arm-none-eabi/10.3.1/thumb/v7e-m+dp/hard/crtbegin.o
LOAD c:/st/stm32cubeide_1.10.1/stm32cubeide/plugins/com.st.stm32cube.ide.mcu.externaltools.gnu-tools-for-stm32.10.3-2021.10.win32_1.0.0.202111181127/tools/bin/../lib/gcc/arm-none-eabi/10.3.1/../../../../arm-none-eabi/lib/thumb/v7e-m+dp/hard/crt0.o
LOAD ./Common/Src/system_stm32h7xx_dualcore_boot_cm4_cm7.o
LOAD ./Core/Src/freertos.o
LOAD ./Core/Src/main.o
LOAD ./Core/Src/myprintf.o
LOAD ./Core/Src/stm32h7xx_hal_msp.o
LOAD ./Core/Src/stm32h7xx_hal_timebase_tim.o
LOAD ./Core/Src/stm32h7xx_it.o
LOAD ./Core/Src/syscalls.o
LOAD ./Core/Src/sysmem.o
LOAD ./Core/Startup/startup_stm32h745zitx.o
LOAD ./Drivers/STM32H7xx_HAL_Driver/stm32h7xx_hal.o
LOAD ./Drivers/STM32H7xx_HAL_Driver/stm32h7xx_hal_cortex.o
LOAD ./Drivers/STM32H7xx_HAL_Driver/stm32h7xx_hal_dma.o
LOAD ./Drivers/STM32H7xx_HAL_Driver/stm32h7xx_hal_dma_ex.o
LOAD ./Drivers/STM32H7xx_HAL_Driver/stm32h7xx_hal_exti.o
LOAD ./Drivers/STM32H7xx_HAL_Driver/stm32h7xx_hal_flash.o
LOAD ./Drivers/STM32H7xx_HAL_Driver/stm32h7xx_hal_flash_ex.o
LOAD ./Drivers/STM32H7xx_HAL_Driver/stm32h7xx_hal_gpio.o
LOAD ./Drivers/STM32H7xx_HAL_Driver/stm32h7xx_hal_hsem.o
LOAD ./Drivers/STM32H7xx_HAL_Driver/stm32h7xx_hal_i2c.o
LOAD ./Drivers/STM32H7xx_HAL_Driver/stm32h7xx_hal_i2c_ex.o
LOAD ./Drivers/STM32H7xx_HAL_Driver/stm32h7xx_hal_mdma.o
LOAD ./Drivers/STM32H7xx_HAL_Driver/stm32h7xx_hal_pwr.o
LOAD ./Drivers/STM32H7xx_HAL_Driver/stm32h7xx_hal_pwr_ex.o
LOAD ./Drivers/STM32H7xx_HAL_Driver/stm32h7xx_hal_rcc.o
LOAD ./Drivers/STM32H7xx_HAL_Driver/stm32h7xx_hal_rcc_ex.o
LOAD ./Drivers/STM32H7xx_HAL_Driver/stm32h7xx_hal_tim.o
LOAD ./Drivers/STM32H7xx_HAL_Driver/stm32h7xx_hal_tim_ex.o
LOAD ./Drivers/STM32H7xx_HAL_Driver/stm32h7xx_hal_uart.o
LOAD ./Drivers/STM32H7xx_HAL_Driver/stm32h7xx_hal_uart_ex.o
LOAD ./Middlewares/Third_Party/FreeRTOS/cmsis_os2.o
LOAD ./Middlewares/Third_Party/FreeRTOS/croutine.o
LOAD ./Middlewares/Third_Party/FreeRTOS/event_groups.o
LOAD ./Middlewares/Third_Party/FreeRTOS/heap_4.o
LOAD ./Middlewares/Third_Party/FreeRTOS/list.o
LOAD ./Middlewares/Third_Party/FreeRTOS/port.o
LOAD ./Middlewares/Third_Party/FreeRTOS/queue.o
LOAD ./Middlewares/Third_Party/FreeRTOS/stream_buffer.o
LOAD ./Middlewares/Third_Party/FreeRTOS/tasks.o
LOAD ./Middlewares/Third_Party/FreeRTOS/timers.o
START GROUP
LOAD c:/st/stm32cubeide_1.10.1/stm32cubeide/plugins/com.st.stm32cube.ide.mcu.externaltools.gnu-tools-for-stm32.10.3-2021.10.win32_1.0.0.202111181127/tools/bin/../lib/gcc/arm-none-eabi/10.3.1/../../../../arm-none-eabi/lib/thumb/v7e-m+dp/hard\libc_nano.a
LOAD c:/st/stm32cubeide_1.10.1/stm32cubeide/plugins/com.st.stm32cube.ide.mcu.externaltools.gnu-tools-for-stm32.10.3-2021.10.win32_1.0.0.202111181127/tools/bin/../lib/gcc/arm-none-eabi/10.3.1/../../../../arm-none-eabi/lib/thumb/v7e-m+dp/hard\libm.a
END GROUP
START GROUP
LOAD c:/st/stm32cubeide_1.10.1/stm32cubeide/plugins/com.st.stm32cube.ide.mcu.externaltools.gnu-tools-for-stm32.10.3-2021.10.win32_1.0.0.202111181127/tools/bin/../lib/gcc/arm-none-eabi/10.3.1/thumb/v7e-m+dp/hard\libgcc.a
LOAD c:/st/stm32cubeide_1.10.1/stm32cubeide/plugins/com.st.stm32cube.ide.mcu.externaltools.gnu-tools-for-stm32.10.3-2021.10.win32_1.0.0.202111181127/tools/bin/../lib/gcc/arm-none-eabi/10.3.1/../../../../arm-none-eabi/lib/thumb/v7e-m+dp/hard\libc_nano.a
END GROUP
START GROUP
LOAD c:/st/stm32cubeide_1.10.1/stm32cubeide/plugins/com.st.stm32cube.ide.mcu.externaltools.gnu-tools-for-stm32.10.3-2021.10.win32_1.0.0.202111181127/tools/bin/../lib/gcc/arm-none-eabi/10.3.1/thumb/v7e-m+dp/hard\libgcc.a
LOAD c:/st/stm32cubeide_1.10.1/stm32cubeide/plugins/com.st.stm32cube.ide.mcu.externaltools.gnu-tools-for-stm32.10.3-2021.10.win32_1.0.0.202111181127/tools/bin/../lib/gcc/arm-none-eabi/10.3.1/../../../../arm-none-eabi/lib/thumb/v7e-m+dp/hard\libc_nano.a
LOAD c:/st/stm32cubeide_1.10.1/stm32cubeide/plugins/com.st.stm32cube.ide.mcu.externaltools.gnu-tools-for-stm32.10.3-2021.10.win32_1.0.0.202111181127/tools/bin/../lib/gcc/arm-none-eabi/10.3.1/../../../../arm-none-eabi/lib/thumb/v7e-m+dp/hard\libnosys.a
END GROUP
START GROUP
LOAD c:/st/stm32cubeide_1.10.1/stm32cubeide/plugins/com.st.stm32cube.ide.mcu.externaltools.gnu-tools-for-stm32.10.3-2021.10.win32_1.0.0.202111181127/tools/bin/../lib/gcc/arm-none-eabi/10.3.1/thumb/v7e-m+dp/hard\libgcc.a
LOAD c:/st/stm32cubeide_1.10.1/stm32cubeide/plugins/com.st.stm32cube.ide.mcu.externaltools.gnu-tools-for-stm32.10.3-2021.10.win32_1.0.0.202111181127/tools/bin/../lib/gcc/arm-none-eabi/10.3.1/../../../../arm-none-eabi/lib/thumb/v7e-m+dp/hard\libc_nano.a
LOAD c:/st/stm32cubeide_1.10.1/stm32cubeide/plugins/com.st.stm32cube.ide.mcu.externaltools.gnu-tools-for-stm32.10.3-2021.10.win32_1.0.0.202111181127/tools/bin/../lib/gcc/arm-none-eabi/10.3.1/../../../../arm-none-eabi/lib/thumb/v7e-m+dp/hard\libnosys.a
END GROUP
LOAD c:/st/stm32cubeide_1.10.1/stm32cubeide/plugins/com.st.stm32cube.ide.mcu.externaltools.gnu-tools-for-stm32.10.3-2021.10.win32_1.0.0.202111181127/tools/bin/../lib/gcc/arm-none-eabi/10.3.1/thumb/v7e-m+dp/hard/crtend.o
LOAD c:/st/stm32cubeide_1.10.1/stm32cubeide/plugins/com.st.stm32cube.ide.mcu.externaltools.gnu-tools-for-stm32.10.3-2021.10.win32_1.0.0.202111181127/tools/bin/../lib/gcc/arm-none-eabi/10.3.1/thumb/v7e-m+dp/hard/crtn.o
                0x0000000024080000                _estack = (ORIGIN (RAM_D1) + LENGTH (RAM_D1))
                0x0000000000000200                _Min_Heap_Size = 0x200
                0x0000000000000400                _Min_Stack_Size = 0x400

.isr_vector     0x0000000008000000      0x298
                0x0000000008000000                . = ALIGN (0x4)
 *(.isr_vector)
 .isr_vector    0x0000000008000000      0x298 ./Core/Startup/startup_stm32h745zitx.o
                0x0000000008000000                g_pfnVectors
                0x0000000008000298                . = ALIGN (0x4)

.text           0x00000000080002a0     0xba0c
                0x00000000080002a0                . = ALIGN (0x4)
 *(.text)
 .text          0x00000000080002a0       0x40 c:/st/stm32cubeide_1.10.1/stm32cubeide/plugins/com.st.stm32cube.ide.mcu.externaltools.gnu-tools-for-stm32.10.3-2021.10.win32_1.0.0.202111181127/tools/bin/../lib/gcc/arm-none-eabi/10.3.1/thumb/v7e-m+dp/hard/crtbegin.o
 .text          0x00000000080002e0       0x10 c:/st/stm32cubeide_1.10.1/stm32cubeide/plugins/com.st.stm32cube.ide.mcu.externaltools.gnu-tools-for-stm32.10.3-2021.10.win32_1.0.0.202111181127/tools/bin/../lib/gcc/arm-none-eabi/10.3.1/../../../../arm-none-eabi/lib/thumb/v7e-m+dp/hard\libc_nano.a(lib_a-strlen.o)
                0x00000000080002e0                strlen
 .text          0x00000000080002f0       0xa0 c:/st/stm32cubeide_1.10.1/stm32cubeide/plugins/com.st.stm32cube.ide.mcu.externaltools.gnu-tools-for-stm32.10.3-2021.10.win32_1.0.0.202111181127/tools/bin/../lib/gcc/arm-none-eabi/10.3.1/../../../../arm-none-eabi/lib/thumb/v7e-m+dp/hard\libc_nano.a(lib_a-memchr.o)
                0x00000000080002f0                memchr
 .text          0x0000000008000390       0x30 c:/st/stm32cubeide_1.10.1/stm32cubeide/plugins/com.st.stm32cube.ide.mcu.externaltools.gnu-tools-for-stm32.10.3-2021.10.win32_1.0.0.202111181127/tools/bin/../lib/gcc/arm-none-eabi/10.3.1/thumb/v7e-m+dp/hard\libgcc.a(_aeabi_uldivmod.o)
                0x0000000008000390                __aeabi_uldivmod
 .text          0x00000000080003c0      0x2d0 c:/st/stm32cubeide_1.10.1/stm32cubeide/plugins/com.st.stm32cube.ide.mcu.externaltools.gnu-tools-for-stm32.10.3-2021.10.win32_1.0.0.202111181127/tools/bin/../lib/gcc/arm-none-eabi/10.3.1/thumb/v7e-m+dp/hard\libgcc.a(_udivmoddi4.o)
                0x00000000080003c0                __udivmoddi4
 .text          0x0000000008000690        0x4 c:/st/stm32cubeide_1.10.1/stm32cubeide/plugins/com.st.stm32cube.ide.mcu.externaltools.gnu-tools-for-stm32.10.3-2021.10.win32_1.0.0.202111181127/tools/bin/../lib/gcc/arm-none-eabi/10.3.1/thumb/v7e-m+dp/hard\libgcc.a(_dvmd_tls.o)
                0x0000000008000690                __aeabi_idiv0
                0x0000000008000690                __aeabi_ldiv0
 *(.text*)
 .text.SystemInit
                0x0000000008000694      0x12c ./Common/Src/system_stm32h7xx_dualcore_boot_cm4_cm7.o
                0x0000000008000694                SystemInit
 .text.main     0x00000000080007c0       0xf4 ./Core/Src/main.o
                0x00000000080007c0                main
 .text.SystemClock_Config
                0x00000000080008b4       0xf4 ./Core/Src/main.o
                0x00000000080008b4                SystemClock_Config
 .text.MX_TIM17_Init
                0x00000000080009a8       0x50 ./Core/Src/main.o
 .text.MX_USART3_UART_Init
                0x00000000080009f8       0x98 ./Core/Src/main.o
 .text.MX_GPIO_Init
                0x0000000008000a90       0xe8 ./Core/Src/main.o
 .text.StartDefaultTask
                0x0000000008000b78      0x138 ./Core/Src/main.o
                0x0000000008000b78                StartDefaultTask
 .text.HAL_TIM_PeriodElapsedCallback
                0x0000000008000cb0       0x24 ./Core/Src/main.o
                0x0000000008000cb0                HAL_TIM_PeriodElapsedCallback
 .text.Error_Handler
                0x0000000008000cd4        0xa ./Core/Src/main.o
                0x0000000008000cd4                Error_Handler
 *fill*         0x0000000008000cde        0x2 
 .text.__io_putchar
                0x0000000008000ce0       0x24 ./Core/Src/myprintf.o
                0x0000000008000ce0                __io_putchar
 .text.HAL_MspInit
                0x0000000008000d04       0x3c ./Core/Src/stm32h7xx_hal_msp.o
                0x0000000008000d04                HAL_MspInit
 .text.HAL_TIM_Base_MspInit
                0x0000000008000d40       0x44 ./Core/Src/stm32h7xx_hal_msp.o
                0x0000000008000d40                HAL_TIM_Base_MspInit
 .text.HAL_UART_MspInit
                0x0000000008000d84       0xcc ./Core/Src/stm32h7xx_hal_msp.o
                0x0000000008000d84                HAL_UART_MspInit
 .text.HAL_InitTick
                0x0000000008000e50       0xd8 ./Core/Src/stm32h7xx_hal_timebase_tim.o
                0x0000000008000e50                HAL_InitTick
 .text.NMI_Handler
                0x0000000008000f28        0x6 ./Core/Src/stm32h7xx_it.o
                0x0000000008000f28                NMI_Handler
 .text.HardFault_Handler
                0x0000000008000f2e        0x6 ./Core/Src/stm32h7xx_it.o
                0x0000000008000f2e                HardFault_Handler
 .text.MemManage_Handler
                0x0000000008000f34        0x6 ./Core/Src/stm32h7xx_it.o
                0x0000000008000f34                MemManage_Handler
 .text.BusFault_Handler
                0x0000000008000f3a        0x6 ./Core/Src/stm32h7xx_it.o
                0x0000000008000f3a                BusFault_Handler
 .text.UsageFault_Handler
                0x0000000008000f40        0x6 ./Core/Src/stm32h7xx_it.o
                0x0000000008000f40                UsageFault_Handler
 .text.DebugMon_Handler
                0x0000000008000f46        0xe ./Core/Src/stm32h7xx_it.o
                0x0000000008000f46                DebugMon_Handler
 .text.TIM7_IRQHandler
                0x0000000008000f54       0x14 ./Core/Src/stm32h7xx_it.o
                0x0000000008000f54                TIM7_IRQHandler
 .text._getpid  0x0000000008000f68       0x10 ./Core/Src/syscalls.o
                0x0000000008000f68                _getpid
 .text._kill    0x0000000008000f78       0x20 ./Core/Src/syscalls.o
                0x0000000008000f78                _kill
 .text._exit    0x0000000008000f98       0x14 ./Core/Src/syscalls.o
                0x0000000008000f98                _exit
 .text._read    0x0000000008000fac       0x3a ./Core/Src/syscalls.o
                0x0000000008000fac                _read
 .text._write   0x0000000008000fe6       0x38 ./Core/Src/syscalls.o
                0x0000000008000fe6                _write
 .text._close   0x000000000800101e       0x18 ./Core/Src/syscalls.o
                0x000000000800101e                _close
 .text._fstat   0x0000000008001036       0x20 ./Core/Src/syscalls.o
                0x0000000008001036                _fstat
 .text._isatty  0x0000000008001056       0x16 ./Core/Src/syscalls.o
                0x0000000008001056                _isatty
 .text._lseek   0x000000000800106c       0x1a ./Core/Src/syscalls.o
                0x000000000800106c                _lseek
 *fill*         0x0000000008001086        0x2 
 .text._sbrk    0x0000000008001088       0x6c ./Core/Src/sysmem.o
                0x0000000008001088                _sbrk
 .text.Reset_Handler
                0x00000000080010f4       0x50 ./Core/Startup/startup_stm32h745zitx.o
                0x00000000080010f4                Reset_Handler
 .text.Default_Handler
                0x0000000008001144        0x2 ./Core/Startup/startup_stm32h745zitx.o
                0x0000000008001144                RTC_Alarm_IRQHandler
                0x0000000008001144                EXTI2_IRQHandler
                0x0000000008001144                TIM8_CC_IRQHandler
                0x0000000008001144                HRTIM1_Master_IRQHandler
                0x0000000008001144                UART8_IRQHandler
                0x0000000008001144                SPI4_IRQHandler
                0x0000000008001144                TIM1_CC_IRQHandler
                0x0000000008001144                BDMA_Channel6_IRQHandler
                0x0000000008001144                DMA2_Stream5_IRQHandler
                0x0000000008001144                HRTIM1_FLT_IRQHandler
                0x0000000008001144                JPEG_IRQHandler
                0x0000000008001144                DMA1_Stream5_IRQHandler
                0x0000000008001144                BDMA_Channel1_IRQHandler
                0x0000000008001144                HRTIM1_TIMD_IRQHandler
                0x0000000008001144                TAMP_STAMP_IRQHandler
                0x0000000008001144                EXTI3_IRQHandler
                0x0000000008001144                LPTIM4_IRQHandler
                0x0000000008001144                TIM8_TRG_COM_TIM14_IRQHandler
                0x0000000008001144                LPTIM2_IRQHandler
                0x0000000008001144                DFSDM1_FLT1_IRQHandler
                0x0000000008001144                DMAMUX2_OVR_IRQHandler
                0x0000000008001144                TIM8_UP_TIM13_IRQHandler
                0x0000000008001144                I2C3_ER_IRQHandler
                0x0000000008001144                DFSDM1_FLT2_IRQHandler
                0x0000000008001144                MDMA_IRQHandler
                0x0000000008001144                LPTIM3_IRQHandler
                0x0000000008001144                HSEM1_IRQHandler
                0x0000000008001144                EXTI0_IRQHandler
                0x0000000008001144                I2C2_EV_IRQHandler
                0x0000000008001144                DMA1_Stream2_IRQHandler
                0x0000000008001144                FPU_IRQHandler
                0x0000000008001144                OTG_HS_WKUP_IRQHandler
                0x0000000008001144                FDCAN1_IT1_IRQHandler
                0x0000000008001144                LTDC_ER_IRQHandler
                0x0000000008001144                DMA2_Stream2_IRQHandler
                0x0000000008001144                HRTIM1_TIME_IRQHandler
                0x0000000008001144                SPI1_IRQHandler
                0x0000000008001144                TIM6_DAC_IRQHandler
                0x0000000008001144                DCMI_IRQHandler
                0x0000000008001144                HRTIM1_TIMC_IRQHandler
                0x0000000008001144                DMA2_Stream3_IRQHandler
                0x0000000008001144                SAI2_IRQHandler
                0x0000000008001144                DFSDM1_FLT3_IRQHandler
                0x0000000008001144                USART6_IRQHandler
                0x0000000008001144                TIM17_IRQHandler
                0x0000000008001144                USART3_IRQHandler
                0x0000000008001144                BDMA_Channel7_IRQHandler
                0x0000000008001144                LPTIM5_IRQHandler
                0x0000000008001144                UART5_IRQHandler
                0x0000000008001144                ADC3_IRQHandler
                0x0000000008001144                DMA2_Stream0_IRQHandler
                0x0000000008001144                TIM4_IRQHandler
                0x0000000008001144                BDMA_Channel2_IRQHandler
                0x0000000008001144                QUADSPI_IRQHandler
                0x0000000008001144                I2C1_EV_IRQHandler
                0x0000000008001144                DMA1_Stream6_IRQHandler
                0x0000000008001144                DMAMUX1_OVR_IRQHandler
                0x0000000008001144                DMA1_Stream1_IRQHandler
                0x0000000008001144                TIM16_IRQHandler
                0x0000000008001144                UART4_IRQHandler
                0x0000000008001144                BDMA_Channel5_IRQHandler
                0x0000000008001144                TIM3_IRQHandler
                0x0000000008001144                RCC_IRQHandler
                0x0000000008001144                TIM8_BRK_TIM12_IRQHandler
                0x0000000008001144                TIM1_TRG_COM_IRQHandler
                0x0000000008001144                Default_Handler
                0x0000000008001144                ECC_IRQHandler
                0x0000000008001144                CEC_IRQHandler
                0x0000000008001144                EXTI15_10_IRQHandler
                0x0000000008001144                BDMA_Channel0_IRQHandler
                0x0000000008001144                ADC_IRQHandler
                0x0000000008001144                DMA1_Stream7_IRQHandler
                0x0000000008001144                HRTIM1_TIMA_IRQHandler
                0x0000000008001144                SPI5_IRQHandler
                0x0000000008001144                SDMMC1_IRQHandler
                0x0000000008001144                TIM5_IRQHandler
                0x0000000008001144                DMA2_Stream7_IRQHandler
                0x0000000008001144                TIM15_IRQHandler
                0x0000000008001144                PVD_AVD_IRQHandler
                0x0000000008001144                I2C3_EV_IRQHandler
                0x0000000008001144                EXTI9_5_IRQHandler
                0x0000000008001144                RTC_WKUP_IRQHandler
                0x0000000008001144                LTDC_IRQHandler
                0x0000000008001144                SAI3_IRQHandler
                0x0000000008001144                ETH_WKUP_IRQHandler
                0x0000000008001144                SPDIF_RX_IRQHandler
                0x0000000008001144                SPI2_IRQHandler
                0x0000000008001144                OTG_HS_EP1_IN_IRQHandler
                0x0000000008001144                DMA1_Stream0_IRQHandler
                0x0000000008001144                CRS_IRQHandler
                0x0000000008001144                CM7_SEV_IRQHandler
                0x0000000008001144                EXTI4_IRQHandler
                0x0000000008001144                RNG_IRQHandler
                0x0000000008001144                CM4_SEV_IRQHandler
                0x0000000008001144                HRTIM1_TIMB_IRQHandler
                0x0000000008001144                FDCAN2_IT1_IRQHandler
                0x0000000008001144                ETH_IRQHandler
                0x0000000008001144                TIM1_UP_IRQHandler
                0x0000000008001144                WWDG_RST_IRQHandler
                0x0000000008001144                BDMA_Channel4_IRQHandler
                0x0000000008001144                OTG_HS_EP1_OUT_IRQHandler
                0x0000000008001144                WWDG_IRQHandler
                0x0000000008001144                SPI6_IRQHandler
                0x0000000008001144                MDIOS_IRQHandler
                0x0000000008001144                I2C4_EV_IRQHandler
                0x0000000008001144                FDCAN2_IT0_IRQHandler
                0x0000000008001144                LPUART1_IRQHandler
                0x0000000008001144                FDCAN1_IT0_IRQHandler
                0x0000000008001144                TIM2_IRQHandler
                0x0000000008001144                OTG_FS_WKUP_IRQHandler
                0x0000000008001144                OTG_HS_IRQHandler
                0x0000000008001144                HSEM2_IRQHandler
                0x0000000008001144                DMA2D_IRQHandler
                0x0000000008001144                TIM1_BRK_IRQHandler
                0x0000000008001144                EXTI1_IRQHandler
                0x0000000008001144                SDMMC2_IRQHandler
                0x0000000008001144                OTG_FS_EP1_OUT_IRQHandler
                0x0000000008001144                BDMA_Channel3_IRQHandler
                0x0000000008001144                HOLD_CORE_IRQHandler
                0x0000000008001144                UART7_IRQHandler
                0x0000000008001144                MDIOS_WKUP_IRQHandler
                0x0000000008001144                USART2_IRQHandler
                0x0000000008001144                DFSDM1_FLT0_IRQHandler
                0x0000000008001144                SAI4_IRQHandler
                0x0000000008001144                I2C2_ER_IRQHandler
                0x0000000008001144                DMA2_Stream1_IRQHandler
                0x0000000008001144                FLASH_IRQHandler
                0x0000000008001144                DMA2_Stream4_IRQHandler
                0x0000000008001144                USART1_IRQHandler
                0x0000000008001144                OTG_FS_IRQHandler
                0x0000000008001144                SPI3_IRQHandler
                0x0000000008001144                WAKEUP_PIN_IRQHandler
                0x0000000008001144                DMA1_Stream4_IRQHandler
                0x0000000008001144                OTG_FS_EP1_IN_IRQHandler
                0x0000000008001144                I2C1_ER_IRQHandler
                0x0000000008001144                FMC_IRQHandler
                0x0000000008001144                FDCAN_CAL_IRQHandler
                0x0000000008001144                SWPMI1_IRQHandler
                0x0000000008001144                COMP1_IRQHandler
                0x0000000008001144                LPTIM1_IRQHandler
                0x0000000008001144                I2C4_ER_IRQHandler
                0x0000000008001144                DMA2_Stream6_IRQHandler
                0x0000000008001144                SAI1_IRQHandler
                0x0000000008001144                DMA1_Stream3_IRQHandler
 *fill*         0x0000000008001146        0x2 
 .text.HAL_Init
                0x0000000008001148       0x78 ./Drivers/STM32H7xx_HAL_Driver/stm32h7xx_hal.o
                0x0000000008001148                HAL_Init
 .text.HAL_IncTick
                0x00000000080011c0       0x28 ./Drivers/STM32H7xx_HAL_Driver/stm32h7xx_hal.o
                0x00000000080011c0                HAL_IncTick
 .text.HAL_GetTick
                0x00000000080011e8       0x18 ./Drivers/STM32H7xx_HAL_Driver/stm32h7xx_hal.o
                0x00000000080011e8                HAL_GetTick
 .text.HAL_GetREVID
                0x0000000008001200       0x18 ./Drivers/STM32H7xx_HAL_Driver/stm32h7xx_hal.o
                0x0000000008001200                HAL_GetREVID
 .text.__NVIC_SetPriorityGrouping
                0x0000000008001218       0x48 ./Drivers/STM32H7xx_HAL_Driver/stm32h7xx_hal_cortex.o
 .text.__NVIC_GetPriorityGrouping
                0x0000000008001260       0x1c ./Drivers/STM32H7xx_HAL_Driver/stm32h7xx_hal_cortex.o
 .text.__NVIC_EnableIRQ
                0x000000000800127c       0x3c ./Drivers/STM32H7xx_HAL_Driver/stm32h7xx_hal_cortex.o
 .text.__NVIC_SetPriority
                0x00000000080012b8       0x54 ./Drivers/STM32H7xx_HAL_Driver/stm32h7xx_hal_cortex.o
 .text.NVIC_EncodePriority
                0x000000000800130c       0x66 ./Drivers/STM32H7xx_HAL_Driver/stm32h7xx_hal_cortex.o
 .text.HAL_NVIC_SetPriorityGrouping
                0x0000000008001372       0x16 ./Drivers/STM32H7xx_HAL_Driver/stm32h7xx_hal_cortex.o
                0x0000000008001372                HAL_NVIC_SetPriorityGrouping
 .text.HAL_NVIC_SetPriority
                0x0000000008001388       0x34 ./Drivers/STM32H7xx_HAL_Driver/stm32h7xx_hal_cortex.o
                0x0000000008001388                HAL_NVIC_SetPriority
 .text.HAL_NVIC_EnableIRQ
                0x00000000080013bc       0x1c ./Drivers/STM32H7xx_HAL_Driver/stm32h7xx_hal_cortex.o
                0x00000000080013bc                HAL_NVIC_EnableIRQ
 .text.HAL_GPIO_Init
                0x00000000080013d8      0x360 ./Drivers/STM32H7xx_HAL_Driver/stm32h7xx_hal_gpio.o
                0x00000000080013d8                HAL_GPIO_Init
 .text.HAL_GPIO_WritePin
                0x0000000008001738       0x32 ./Drivers/STM32H7xx_HAL_Driver/stm32h7xx_hal_gpio.o
                0x0000000008001738                HAL_GPIO_WritePin
 .text.HAL_GPIO_TogglePin
                0x000000000800176a       0x34 ./Drivers/STM32H7xx_HAL_Driver/stm32h7xx_hal_gpio.o
                0x000000000800176a                HAL_GPIO_TogglePin
 *fill*         0x000000000800179e        0x2 
 .text.HAL_HSEM_FastTake
                0x00000000080017a0       0x34 ./Drivers/STM32H7xx_HAL_Driver/stm32h7xx_hal_hsem.o
                0x00000000080017a0                HAL_HSEM_FastTake
 .text.HAL_HSEM_Release
                0x00000000080017d4       0x28 ./Drivers/STM32H7xx_HAL_Driver/stm32h7xx_hal_hsem.o
                0x00000000080017d4                HAL_HSEM_Release
 .text.HAL_PWREx_ConfigSupply
                0x00000000080017fc       0xb4 ./Drivers/STM32H7xx_HAL_Driver/stm32h7xx_hal_pwr_ex.o
                0x00000000080017fc                HAL_PWREx_ConfigSupply
 .text.HAL_RCC_OscConfig
                0x00000000080018b0      0x85c ./Drivers/STM32H7xx_HAL_Driver/stm32h7xx_hal_rcc.o
                0x00000000080018b0                HAL_RCC_OscConfig
 .text.HAL_RCC_ClockConfig
                0x000000000800210c      0x36c ./Drivers/STM32H7xx_HAL_Driver/stm32h7xx_hal_rcc.o
                0x000000000800210c                HAL_RCC_ClockConfig
 .text.HAL_RCC_GetSysClockFreq
                0x0000000008002478      0x2f4 ./Drivers/STM32H7xx_HAL_Driver/stm32h7xx_hal_rcc.o
                0x0000000008002478                HAL_RCC_GetSysClockFreq
 .text.HAL_RCC_GetHCLKFreq
                0x000000000800276c       0x60 ./Drivers/STM32H7xx_HAL_Driver/stm32h7xx_hal_rcc.o
                0x000000000800276c                HAL_RCC_GetHCLKFreq
 .text.HAL_RCC_GetPCLK1Freq
                0x00000000080027cc       0x2c ./Drivers/STM32H7xx_HAL_Driver/stm32h7xx_hal_rcc.o
                0x00000000080027cc                HAL_RCC_GetPCLK1Freq
 .text.HAL_RCC_GetPCLK2Freq
                0x00000000080027f8       0x2c ./Drivers/STM32H7xx_HAL_Driver/stm32h7xx_hal_rcc.o
                0x00000000080027f8                HAL_RCC_GetPCLK2Freq
 .text.HAL_RCC_GetClockConfig
                0x0000000008002824       0x84 ./Drivers/STM32H7xx_HAL_Driver/stm32h7xx_hal_rcc.o
                0x0000000008002824                HAL_RCC_GetClockConfig
 .text.HAL_RCCEx_PeriphCLKConfig
                0x00000000080028a8      0xe8c ./Drivers/STM32H7xx_HAL_Driver/stm32h7xx_hal_rcc_ex.o
                0x00000000080028a8                HAL_RCCEx_PeriphCLKConfig
 .text.HAL_RCCEx_GetD3PCLK1Freq
                0x0000000008003734       0x2c ./Drivers/STM32H7xx_HAL_Driver/stm32h7xx_hal_rcc_ex.o
                0x0000000008003734                HAL_RCCEx_GetD3PCLK1Freq
 .text.HAL_RCCEx_GetPLL2ClockFreq
                0x0000000008003760      0x2a8 ./Drivers/STM32H7xx_HAL_Driver/stm32h7xx_hal_rcc_ex.o
                0x0000000008003760                HAL_RCCEx_GetPLL2ClockFreq
 .text.HAL_RCCEx_GetPLL3ClockFreq
                0x0000000008003a08      0x2a8 ./Drivers/STM32H7xx_HAL_Driver/stm32h7xx_hal_rcc_ex.o
                0x0000000008003a08                HAL_RCCEx_GetPLL3ClockFreq
 .text.RCCEx_PLL2_Config
                0x0000000008003cb0      0x164 ./Drivers/STM32H7xx_HAL_Driver/stm32h7xx_hal_rcc_ex.o
 .text.RCCEx_PLL3_Config
                0x0000000008003e14      0x164 ./Drivers/STM32H7xx_HAL_Driver/stm32h7xx_hal_rcc_ex.o
 .text.HAL_TIM_Base_Init
                0x0000000008003f78       0xae ./Drivers/STM32H7xx_HAL_Driver/stm32h7xx_hal_tim.o
                0x0000000008003f78                HAL_TIM_Base_Init
 *fill*         0x0000000008004026        0x2 
 .text.HAL_TIM_Base_Start
                0x0000000008004028       0xe0 ./Drivers/STM32H7xx_HAL_Driver/stm32h7xx_hal_tim.o
                0x0000000008004028                HAL_TIM_Base_Start
 .text.HAL_TIM_Base_Start_IT
                0x0000000008004108       0xf0 ./Drivers/STM32H7xx_HAL_Driver/stm32h7xx_hal_tim.o
                0x0000000008004108                HAL_TIM_Base_Start_IT
 .text.HAL_TIM_IRQHandler
                0x00000000080041f8      0x23e ./Drivers/STM32H7xx_HAL_Driver/stm32h7xx_hal_tim.o
                0x00000000080041f8                HAL_TIM_IRQHandler
 .text.HAL_TIM_OC_DelayElapsedCallback
                0x0000000008004436       0x14 ./Drivers/STM32H7xx_HAL_Driver/stm32h7xx_hal_tim.o
                0x0000000008004436                HAL_TIM_OC_DelayElapsedCallback
 .text.HAL_TIM_IC_CaptureCallback
                0x000000000800444a       0x14 ./Drivers/STM32H7xx_HAL_Driver/stm32h7xx_hal_tim.o
                0x000000000800444a                HAL_TIM_IC_CaptureCallback
 .text.HAL_TIM_PWM_PulseFinishedCallback
                0x000000000800445e       0x14 ./Drivers/STM32H7xx_HAL_Driver/stm32h7xx_hal_tim.o
                0x000000000800445e                HAL_TIM_PWM_PulseFinishedCallback
 .text.HAL_TIM_TriggerCallback
                0x0000000008004472       0x14 ./Drivers/STM32H7xx_HAL_Driver/stm32h7xx_hal_tim.o
                0x0000000008004472                HAL_TIM_TriggerCallback
 *fill*         0x0000000008004486        0x2 
 .text.TIM_Base_SetConfig
                0x0000000008004488      0x134 ./Drivers/STM32H7xx_HAL_Driver/stm32h7xx_hal_tim.o
                0x0000000008004488                TIM_Base_SetConfig
 .text.HAL_TIMEx_CommutCallback
                0x00000000080045bc       0x14 ./Drivers/STM32H7xx_HAL_Driver/stm32h7xx_hal_tim_ex.o
                0x00000000080045bc                HAL_TIMEx_CommutCallback
 .text.HAL_TIMEx_BreakCallback
                0x00000000080045d0       0x14 ./Drivers/STM32H7xx_HAL_Driver/stm32h7xx_hal_tim_ex.o
                0x00000000080045d0                HAL_TIMEx_BreakCallback
 .text.HAL_TIMEx_Break2Callback
                0x00000000080045e4       0x14 ./Drivers/STM32H7xx_HAL_Driver/stm32h7xx_hal_tim_ex.o
                0x00000000080045e4                HAL_TIMEx_Break2Callback
 .text.HAL_UART_Init
                0x00000000080045f8       0xa0 ./Drivers/STM32H7xx_HAL_Driver/stm32h7xx_hal_uart.o
                0x00000000080045f8                HAL_UART_Init
 .text.HAL_UART_Transmit
                0x0000000008004698      0x12c ./Drivers/STM32H7xx_HAL_Driver/stm32h7xx_hal_uart.o
                0x0000000008004698                HAL_UART_Transmit
 .text.UART_SetConfig
                0x00000000080047c4      0xad0 ./Drivers/STM32H7xx_HAL_Driver/stm32h7xx_hal_uart.o
                0x00000000080047c4                UART_SetConfig
 .text.UART_AdvFeatureConfig
                0x0000000008005294      0x144 ./Drivers/STM32H7xx_HAL_Driver/stm32h7xx_hal_uart.o
                0x0000000008005294                UART_AdvFeatureConfig
 .text.UART_CheckIdleState
                0x00000000080053d8       0x96 ./Drivers/STM32H7xx_HAL_Driver/stm32h7xx_hal_uart.o
                0x00000000080053d8                UART_CheckIdleState
 .text.UART_WaitOnFlagUntilTimeout
                0x000000000800546e      0x190 ./Drivers/STM32H7xx_HAL_Driver/stm32h7xx_hal_uart.o
                0x000000000800546e                UART_WaitOnFlagUntilTimeout
 .text.HAL_UARTEx_DisableFifoMode
                0x00000000080055fe       0x72 ./Drivers/STM32H7xx_HAL_Driver/stm32h7xx_hal_uart_ex.o
                0x00000000080055fe                HAL_UARTEx_DisableFifoMode
 .text.HAL_UARTEx_SetTxFifoThreshold
                0x0000000008005670       0x7c ./Drivers/STM32H7xx_HAL_Driver/stm32h7xx_hal_uart_ex.o
                0x0000000008005670                HAL_UARTEx_SetTxFifoThreshold
 .text.HAL_UARTEx_SetRxFifoThreshold
                0x00000000080056ec       0x7c ./Drivers/STM32H7xx_HAL_Driver/stm32h7xx_hal_uart_ex.o
                0x00000000080056ec                HAL_UARTEx_SetRxFifoThreshold
 .text.UARTEx_SetNbDataToProcess
                0x0000000008005768       0x9c ./Drivers/STM32H7xx_HAL_Driver/stm32h7xx_hal_uart_ex.o
 .text.__NVIC_SetPriority
                0x0000000008005804       0x54 ./Middlewares/Third_Party/FreeRTOS/cmsis_os2.o
 .text.SysTick_Handler
                0x0000000008005858       0x20 ./Middlewares/Third_Party/FreeRTOS/cmsis_os2.o
                0x0000000008005858                SysTick_Handler
 .text.SVC_Setup
                0x0000000008005878       0x12 ./Middlewares/Third_Party/FreeRTOS/cmsis_os2.o
 *fill*         0x000000000800588a        0x2 
 .text.osKernelInitialize
                0x000000000800588c       0x48 ./Middlewares/Third_Party/FreeRTOS/cmsis_os2.o
                0x000000000800588c                osKernelInitialize
 .text.osKernelStart
                0x00000000080058d4       0x4c ./Middlewares/Third_Party/FreeRTOS/cmsis_os2.o
                0x00000000080058d4                osKernelStart
 .text.osThreadNew
                0x0000000008005920      0x124 ./Middlewares/Third_Party/FreeRTOS/cmsis_os2.o
                0x0000000008005920                osThreadNew
 .text.osDelay  0x0000000008005a44       0x36 ./Middlewares/Third_Party/FreeRTOS/cmsis_os2.o
                0x0000000008005a44                osDelay
 .text.osMutexNew
                0x0000000008005a7a      0x10c ./Middlewares/Third_Party/FreeRTOS/cmsis_os2.o
                0x0000000008005a7a                osMutexNew
 .text.osMutexAcquire
                0x0000000008005b86       0x96 ./Middlewares/Third_Party/FreeRTOS/cmsis_os2.o
                0x0000000008005b86                osMutexAcquire
 .text.osMutexRelease
                0x0000000008005c1c       0x7a ./Middlewares/Third_Party/FreeRTOS/cmsis_os2.o
                0x0000000008005c1c                osMutexRelease
 *fill*         0x0000000008005c96        0x2 
 .text.vApplicationGetIdleTaskMemory
                0x0000000008005c98       0x34 ./Middlewares/Third_Party/FreeRTOS/cmsis_os2.o
                0x0000000008005c98                vApplicationGetIdleTaskMemory
 .text.vApplicationGetTimerTaskMemory
                0x0000000008005ccc       0x34 ./Middlewares/Third_Party/FreeRTOS/cmsis_os2.o
                0x0000000008005ccc                vApplicationGetTimerTaskMemory
 .text.pvPortMalloc
                0x0000000008005d00      0x198 ./Middlewares/Third_Party/FreeRTOS/heap_4.o
                0x0000000008005d00                pvPortMalloc
 .text.vPortFree
                0x0000000008005e98       0xc4 ./Middlewares/Third_Party/FreeRTOS/heap_4.o
                0x0000000008005e98                vPortFree
 .text.prvHeapInit
                0x0000000008005f5c       0xc4 ./Middlewares/Third_Party/FreeRTOS/heap_4.o
 .text.prvInsertBlockIntoFreeList
                0x0000000008006020       0xb4 ./Middlewares/Third_Party/FreeRTOS/heap_4.o
 .text.vListInitialise
                0x00000000080060d4       0x40 ./Middlewares/Third_Party/FreeRTOS/list.o
                0x00000000080060d4                vListInitialise
 .text.vListInitialiseItem
                0x0000000008006114       0x1a ./Middlewares/Third_Party/FreeRTOS/list.o
                0x0000000008006114                vListInitialiseItem
 .text.vListInsertEnd
                0x000000000800612e       0x48 ./Middlewares/Third_Party/FreeRTOS/list.o
                0x000000000800612e                vListInsertEnd
 .text.vListInsert
                0x0000000008006176       0x72 ./Middlewares/Third_Party/FreeRTOS/list.o
                0x0000000008006176                vListInsert
 .text.uxListRemove
                0x00000000080061e8       0x54 ./Middlewares/Third_Party/FreeRTOS/list.o
                0x00000000080061e8                uxListRemove
 .text.pxPortInitialiseStack
                0x000000000800623c       0x68 ./Middlewares/Third_Party/FreeRTOS/port.o
                0x000000000800623c                pxPortInitialiseStack
 .text.prvTaskExitError
                0x00000000080062a4       0x58 ./Middlewares/Third_Party/FreeRTOS/port.o
 *fill*         0x00000000080062fc        0x4 
 .text.SVC_Handler
                0x0000000008006300       0x28 ./Middlewares/Third_Party/FreeRTOS/port.o
                0x0000000008006300                SVC_Handler
 .text.prvPortStartFirstTask
                0x0000000008006328       0x28 ./Middlewares/Third_Party/FreeRTOS/port.o
 .text.xPortStartScheduler
                0x0000000008006350      0x144 ./Middlewares/Third_Party/FreeRTOS/port.o
                0x0000000008006350                xPortStartScheduler
 .text.vPortEnterCritical
                0x0000000008006494       0x60 ./Middlewares/Third_Party/FreeRTOS/port.o
                0x0000000008006494                vPortEnterCritical
 .text.vPortExitCritical
                0x00000000080064f4       0x54 ./Middlewares/Third_Party/FreeRTOS/port.o
                0x00000000080064f4                vPortExitCritical
 *fill*         0x0000000008006548        0x8 
 .text.PendSV_Handler
                0x0000000008006550       0x68 ./Middlewares/Third_Party/FreeRTOS/port.o
                0x0000000008006550                PendSV_Handler
 .text.xPortSysTickHandler
                0x00000000080065b8       0x44 ./Middlewares/Third_Party/FreeRTOS/port.o
                0x00000000080065b8                xPortSysTickHandler
 .text.vPortSetupTimerInterrupt
                0x00000000080065fc       0x48 ./Middlewares/Third_Party/FreeRTOS/port.o
                0x00000000080065fc                vPortSetupTimerInterrupt
 .text.vPortEnableVFP
                0x0000000008006644       0x14 ./Middlewares/Third_Party/FreeRTOS/port.o
 .text.vPortValidateInterruptPriority
                0x0000000008006658       0x80 ./Middlewares/Third_Party/FreeRTOS/port.o
                0x0000000008006658                vPortValidateInterruptPriority
 .text.xQueueGenericReset
                0x00000000080066d8       0xd0 ./Middlewares/Third_Party/FreeRTOS/queue.o
                0x00000000080066d8                xQueueGenericReset
 .text.xQueueGenericCreateStatic
                0x00000000080067a8       0xf0 ./Middlewares/Third_Party/FreeRTOS/queue.o
                0x00000000080067a8                xQueueGenericCreateStatic
 .text.xQueueGenericCreate
                0x0000000008006898       0x74 ./Middlewares/Third_Party/FreeRTOS/queue.o
                0x0000000008006898                xQueueGenericCreate
 .text.prvInitialiseNewQueue
                0x000000000800690c       0x46 ./Middlewares/Third_Party/FreeRTOS/queue.o
 .text.prvInitialiseMutex
                0x0000000008006952       0x34 ./Middlewares/Third_Party/FreeRTOS/queue.o
 .text.xQueueCreateMutex
                0x0000000008006986       0x30 ./Middlewares/Third_Party/FreeRTOS/queue.o
                0x0000000008006986                xQueueCreateMutex
 .text.xQueueCreateMutexStatic
                0x00000000080069b6       0x36 ./Middlewares/Third_Party/FreeRTOS/queue.o
                0x00000000080069b6                xQueueCreateMutexStatic
 .text.xQueueGiveMutexRecursive
                0x00000000080069ec       0x68 ./Middlewares/Third_Party/FreeRTOS/queue.o
                0x00000000080069ec                xQueueGiveMutexRecursive
 .text.xQueueTakeMutexRecursive
                0x0000000008006a54       0x6c ./Middlewares/Third_Party/FreeRTOS/queue.o
                0x0000000008006a54                xQueueTakeMutexRecursive
 .text.xQueueGenericSend
                0x0000000008006ac0      0x1fc ./Middlewares/Third_Party/FreeRTOS/queue.o
                0x0000000008006ac0                xQueueGenericSend
 .text.xQueueGenericSendFromISR
                0x0000000008006cbc      0x136 ./Middlewares/Third_Party/FreeRTOS/queue.o
                0x0000000008006cbc                xQueueGenericSendFromISR
 *fill*         0x0000000008006df2        0x2 
 .text.xQueueReceive
                0x0000000008006df4      0x1c0 ./Middlewares/Third_Party/FreeRTOS/queue.o
                0x0000000008006df4                xQueueReceive
 .text.xQueueSemaphoreTake
                0x0000000008006fb4      0x218 ./Middlewares/Third_Party/FreeRTOS/queue.o
                0x0000000008006fb4                xQueueSemaphoreTake
 .text.prvGetDisinheritPriorityAfterTimeout
                0x00000000080071cc       0x30 ./Middlewares/Third_Party/FreeRTOS/queue.o
 .text.prvCopyDataToQueue
                0x00000000080071fc       0xd4 ./Middlewares/Third_Party/FreeRTOS/queue.o
 .text.prvCopyDataFromQueue
                0x00000000080072d0       0x4c ./Middlewares/Third_Party/FreeRTOS/queue.o
 .text.prvUnlockQueue
                0x000000000800731c       0xa4 ./Middlewares/Third_Party/FreeRTOS/queue.o
 .text.prvIsQueueEmpty
                0x00000000080073c0       0x2c ./Middlewares/Third_Party/FreeRTOS/queue.o
 .text.prvIsQueueFull
                0x00000000080073ec       0x30 ./Middlewares/Third_Party/FreeRTOS/queue.o
 .text.vQueueAddToRegistry
                0x000000000800741c       0x54 ./Middlewares/Third_Party/FreeRTOS/queue.o
                0x000000000800741c                vQueueAddToRegistry
 .text.vQueueWaitForMessageRestricted
                0x0000000008007470       0x68 ./Middlewares/Third_Party/FreeRTOS/queue.o
                0x0000000008007470                vQueueWaitForMessageRestricted
 .text.xStreamBufferGenericCreate
                0x00000000080074d8       0xb6 ./Middlewares/Third_Party/FreeRTOS/stream_buffer.o
                0x00000000080074d8                xStreamBufferGenericCreate
 .text.xStreamBufferReceive
                0x000000000800758e      0x12a ./Middlewares/Third_Party/FreeRTOS/stream_buffer.o
                0x000000000800758e                xStreamBufferReceive
 .text.prvReadMessageFromBuffer
                0x00000000080076b8       0x64 ./Middlewares/Third_Party/FreeRTOS/stream_buffer.o
 .text.prvReadBytesFromBuffer
                0x000000000800771c       0xf4 ./Middlewares/Third_Party/FreeRTOS/stream_buffer.o
 .text.prvBytesInBuffer
                0x0000000008007810       0x40 ./Middlewares/Third_Party/FreeRTOS/stream_buffer.o
 .text.prvInitialiseNewStreamBuffer
                0x0000000008007850       0x66 ./Middlewares/Third_Party/FreeRTOS/stream_buffer.o
 .text.xTaskCreateStatic
                0x00000000080078b6       0xba ./Middlewares/Third_Party/FreeRTOS/tasks.o
                0x00000000080078b6                xTaskCreateStatic
 .text.xTaskCreate
                0x0000000008007970       0x8a ./Middlewares/Third_Party/FreeRTOS/tasks.o
                0x0000000008007970                xTaskCreate
 *fill*         0x00000000080079fa        0x2 
 .text.prvInitialiseNewTask
                0x00000000080079fc      0x14c ./Middlewares/Third_Party/FreeRTOS/tasks.o
 .text.prvAddNewTaskToReadyList
                0x0000000008007b48       0xe0 ./Middlewares/Third_Party/FreeRTOS/tasks.o
 .text.vTaskDelay
                0x0000000008007c28       0x68 ./Middlewares/Third_Party/FreeRTOS/tasks.o
                0x0000000008007c28                vTaskDelay
 .text.vTaskStartScheduler
                0x0000000008007c90       0xe0 ./Middlewares/Third_Party/FreeRTOS/tasks.o
                0x0000000008007c90                vTaskStartScheduler
 .text.vTaskSuspendAll
                0x0000000008007d70       0x1c ./Middlewares/Third_Party/FreeRTOS/tasks.o
                0x0000000008007d70                vTaskSuspendAll
 .text.xTaskResumeAll
                0x0000000008007d8c      0x13c ./Middlewares/Third_Party/FreeRTOS/tasks.o
                0x0000000008007d8c                xTaskResumeAll
 .text.xTaskGetTickCount
                0x0000000008007ec8       0x20 ./Middlewares/Third_Party/FreeRTOS/tasks.o
                0x0000000008007ec8                xTaskGetTickCount
 .text.xTaskIncrementTick
                0x0000000008007ee8      0x174 ./Middlewares/Third_Party/FreeRTOS/tasks.o
                0x0000000008007ee8                xTaskIncrementTick
 .text.vTaskSwitchContext
                0x000000000800805c       0xc8 ./Middlewares/Third_Party/FreeRTOS/tasks.o
                0x000000000800805c                vTaskSwitchContext
 .text.vTaskPlaceOnEventList
                0x0000000008008124       0x48 ./Middlewares/Third_Party/FreeRTOS/tasks.o
                0x0000000008008124                vTaskPlaceOnEventList
 .text.vTaskPlaceOnEventListRestricted
                0x000000000800816c       0x58 ./Middlewares/Third_Party/FreeRTOS/tasks.o
                0x000000000800816c                vTaskPlaceOnEventListRestricted
 .text.xTaskRemoveFromEventList
                0x00000000080081c4       0xc8 ./Middlewares/Third_Party/FreeRTOS/tasks.o
                0x00000000080081c4                xTaskRemoveFromEventList
 .text.vTaskInternalSetTimeOutState
                0x000000000800828c       0x2c ./Middlewares/Third_Party/FreeRTOS/tasks.o
                0x000000000800828c                vTaskInternalSetTimeOutState
 .text.xTaskCheckForTimeOut
                0x00000000080082b8       0xc4 ./Middlewares/Third_Party/FreeRTOS/tasks.o
                0x00000000080082b8                xTaskCheckForTimeOut
 .text.vTaskMissedYield
                0x000000000800837c       0x18 ./Middlewares/Third_Party/FreeRTOS/tasks.o
                0x000000000800837c                vTaskMissedYield
 .text.prvIdleTask
                0x0000000008008394       0x30 ./Middlewares/Third_Party/FreeRTOS/tasks.o
 .text.prvInitialiseTaskLists
                0x00000000080083c4       0x80 ./Middlewares/Third_Party/FreeRTOS/tasks.o
 .text.prvCheckTasksWaitingTermination
                0x0000000008008444       0x5c ./Middlewares/Third_Party/FreeRTOS/tasks.o
 .text.prvDeleteTCB
                0x00000000080084a0       0x68 ./Middlewares/Third_Party/FreeRTOS/tasks.o
 .text.prvResetNextTaskUnblockTime
                0x0000000008008508       0x40 ./Middlewares/Third_Party/FreeRTOS/tasks.o
 .text.xTaskGetCurrentTaskHandle
                0x0000000008008548       0x20 ./Middlewares/Third_Party/FreeRTOS/tasks.o
                0x0000000008008548                xTaskGetCurrentTaskHandle
 .text.xTaskGetSchedulerState
                0x0000000008008568       0x3c ./Middlewares/Third_Party/FreeRTOS/tasks.o
                0x0000000008008568                xTaskGetSchedulerState
 .text.xTaskPriorityInherit
                0x00000000080085a4       0xd0 ./Middlewares/Third_Party/FreeRTOS/tasks.o
                0x00000000080085a4                xTaskPriorityInherit
 .text.xTaskPriorityDisinherit
                0x0000000008008674       0xdc ./Middlewares/Third_Party/FreeRTOS/tasks.o
                0x0000000008008674                xTaskPriorityDisinherit
 .text.vTaskPriorityDisinheritAfterTimeout
                0x0000000008008750      0x104 ./Middlewares/Third_Party/FreeRTOS/tasks.o
                0x0000000008008750                vTaskPriorityDisinheritAfterTimeout
 .text.pvTaskIncrementMutexHeldCount
                0x0000000008008854       0x28 ./Middlewares/Third_Party/FreeRTOS/tasks.o
                0x0000000008008854                pvTaskIncrementMutexHeldCount
 .text.xTaskNotifyWait
                0x000000000800887c       0xc0 ./Middlewares/Third_Party/FreeRTOS/tasks.o
                0x000000000800887c                xTaskNotifyWait
 .text.xTaskGenericNotify
                0x000000000800893c      0x17c ./Middlewares/Third_Party/FreeRTOS/tasks.o
                0x000000000800893c                xTaskGenericNotify
 .text.xTaskNotifyStateClear
                0x0000000008008ab8       0x4c ./Middlewares/Third_Party/FreeRTOS/tasks.o
                0x0000000008008ab8                xTaskNotifyStateClear
 .text.prvAddCurrentTaskToDelayedList
                0x0000000008008b04       0xa8 ./Middlewares/Third_Party/FreeRTOS/tasks.o
 .text.xTimerCreateTimerTask
                0x0000000008008bac       0x90 ./Middlewares/Third_Party/FreeRTOS/timers.o
                0x0000000008008bac                xTimerCreateTimerTask
 .text.xTimerGenericCommand
                0x0000000008008c3c       0x9c ./Middlewares/Third_Party/FreeRTOS/timers.o
                0x0000000008008c3c                xTimerGenericCommand
 .text.prvProcessExpiredTimer
                0x0000000008008cd8       0x98 ./Middlewares/Third_Party/FreeRTOS/timers.o
 .text.prvTimerTask
                0x0000000008008d70       0x24 ./Middlewares/Third_Party/FreeRTOS/timers.o
 .text.prvProcessTimerOrBlockTask
                0x0000000008008d94       0x9c ./Middlewares/Third_Party/FreeRTOS/timers.o
 .text.prvGetNextExpireTime
                0x0000000008008e30       0x48 ./Middlewares/Third_Party/FreeRTOS/timers.o
 .text.prvSampleTimeNow
                0x0000000008008e78       0x40 ./Middlewares/Third_Party/FreeRTOS/timers.o
 .text.prvInsertTimerInActiveList
                0x0000000008008eb8       0x84 ./Middlewares/Third_Party/FreeRTOS/timers.o
 .text.prvProcessReceivedCommands
                0x0000000008008f3c      0x1c4 ./Middlewares/Third_Party/FreeRTOS/timers.o
 .text.prvSwitchTimerLists
                0x0000000008009100       0xc8 ./Middlewares/Third_Party/FreeRTOS/timers.o
 .text.prvCheckForValidListAndQueue
                0x00000000080091c8       0x80 ./Middlewares/Third_Party/FreeRTOS/timers.o
 .text.__errno  0x0000000008009248        0xc c:/st/stm32cubeide_1.10.1/stm32cubeide/plugins/com.st.stm32cube.ide.mcu.externaltools.gnu-tools-for-stm32.10.3-2021.10.win32_1.0.0.202111181127/tools/bin/../lib/gcc/arm-none-eabi/10.3.1/../../../../arm-none-eabi/lib/thumb/v7e-m+dp/hard\libc_nano.a(lib_a-errno.o)
                0x0000000008009248                __errno
 .text.std      0x0000000008009254       0x48 c:/st/stm32cubeide_1.10.1/stm32cubeide/plugins/com.st.stm32cube.ide.mcu.externaltools.gnu-tools-for-stm32.10.3-2021.10.win32_1.0.0.202111181127/tools/bin/../lib/gcc/arm-none-eabi/10.3.1/../../../../arm-none-eabi/lib/thumb/v7e-m+dp/hard\libc_nano.a(lib_a-findfp.o)
 .text._cleanup_r
                0x000000000800929c        0xc c:/st/stm32cubeide_1.10.1/stm32cubeide/plugins/com.st.stm32cube.ide.mcu.externaltools.gnu-tools-for-stm32.10.3-2021.10.win32_1.0.0.202111181127/tools/bin/../lib/gcc/arm-none-eabi/10.3.1/../../../../arm-none-eabi/lib/thumb/v7e-m+dp/hard\libc_nano.a(lib_a-findfp.o)
                0x000000000800929c                _cleanup_r
 .text.__sfmoreglue
                0x00000000080092a8       0x2c c:/st/stm32cubeide_1.10.1/stm32cubeide/plugins/com.st.stm32cube.ide.mcu.externaltools.gnu-tools-for-stm32.10.3-2021.10.win32_1.0.0.202111181127/tools/bin/../lib/gcc/arm-none-eabi/10.3.1/../../../../arm-none-eabi/lib/thumb/v7e-m+dp/hard\libc_nano.a(lib_a-findfp.o)
                0x00000000080092a8                __sfmoreglue
 .text.__sfp_lock_acquire
                0x00000000080092d4        0xc c:/st/stm32cubeide_1.10.1/stm32cubeide/plugins/com.st.stm32cube.ide.mcu.externaltools.gnu-tools-for-stm32.10.3-2021.10.win32_1.0.0.202111181127/tools/bin/../lib/gcc/arm-none-eabi/10.3.1/../../../../arm-none-eabi/lib/thumb/v7e-m+dp/hard\libc_nano.a(lib_a-findfp.o)
                0x00000000080092d4                __sfp_lock_acquire
 .text.__sfp_lock_release
                0x00000000080092e0        0xc c:/st/stm32cubeide_1.10.1/stm32cubeide/plugins/com.st.stm32cube.ide.mcu.externaltools.gnu-tools-for-stm32.10.3-2021.10.win32_1.0.0.202111181127/tools/bin/../lib/gcc/arm-none-eabi/10.3.1/../../../../arm-none-eabi/lib/thumb/v7e-m+dp/hard\libc_nano.a(lib_a-findfp.o)
                0x00000000080092e0                __sfp_lock_release
 .text.__sinit_lock_acquire
                0x00000000080092ec        0xc c:/st/stm32cubeide_1.10.1/stm32cubeide/plugins/com.st.stm32cube.ide.mcu.externaltools.gnu-tools-for-stm32.10.3-2021.10.win32_1.0.0.202111181127/tools/bin/../lib/gcc/arm-none-eabi/10.3.1/../../../../arm-none-eabi/lib/thumb/v7e-m+dp/hard\libc_nano.a(lib_a-findfp.o)
                0x00000000080092ec                __sinit_lock_acquire
 .text.__sinit_lock_release
                0x00000000080092f8        0xc c:/st/stm32cubeide_1.10.1/stm32cubeide/plugins/com.st.stm32cube.ide.mcu.externaltools.gnu-tools-for-stm32.10.3-2021.10.win32_1.0.0.202111181127/tools/bin/../lib/gcc/arm-none-eabi/10.3.1/../../../../arm-none-eabi/lib/thumb/v7e-m+dp/hard\libc_nano.a(lib_a-findfp.o)
                0x00000000080092f8                __sinit_lock_release
 .text.__sinit  0x0000000008009304       0x70 c:/st/stm32cubeide_1.10.1/stm32cubeide/plugins/com.st.stm32cube.ide.mcu.externaltools.gnu-tools-for-stm32.10.3-2021.10.win32_1.0.0.202111181127/tools/bin/../lib/gcc/arm-none-eabi/10.3.1/../../../../arm-none-eabi/lib/thumb/v7e-m+dp/hard\libc_nano.a(lib_a-findfp.o)
                0x0000000008009304                __sinit
 .text.__sfp    0x0000000008009374       0x8c c:/st/stm32cubeide_1.10.1/stm32cubeide/plugins/com.st.stm32cube.ide.mcu.externaltools.gnu-tools-for-stm32.10.3-2021.10.win32_1.0.0.202111181127/tools/bin/../lib/gcc/arm-none-eabi/10.3.1/../../../../arm-none-eabi/lib/thumb/v7e-m+dp/hard\libc_nano.a(lib_a-findfp.o)
                0x0000000008009374                __sfp
 .text._fwalk_reent
                0x0000000008009400       0x3e c:/st/stm32cubeide_1.10.1/stm32cubeide/plugins/com.st.stm32cube.ide.mcu.externaltools.gnu-tools-for-stm32.10.3-2021.10.win32_1.0.0.202111181127/tools/bin/../lib/gcc/arm-none-eabi/10.3.1/../../../../arm-none-eabi/lib/thumb/v7e-m+dp/hard\libc_nano.a(lib_a-fwalk.o)
                0x0000000008009400                _fwalk_reent
 *fill*         0x000000000800943e        0x2 
 .text.__libc_init_array
                0x0000000008009440       0x48 c:/st/stm32cubeide_1.10.1/stm32cubeide/plugins/com.st.stm32cube.ide.mcu.externaltools.gnu-tools-for-stm32.10.3-2021.10.win32_1.0.0.202111181127/tools/bin/../lib/gcc/arm-none-eabi/10.3.1/../../../../arm-none-eabi/lib/thumb/v7e-m+dp/hard\libc_nano.a(lib_a-init.o)
                0x0000000008009440                __libc_init_array
 .text.__retarget_lock_init_recursive
                0x0000000008009488        0x2 c:/st/stm32cubeide_1.10.1/stm32cubeide/plugins/com.st.stm32cube.ide.mcu.externaltools.gnu-tools-for-stm32.10.3-2021.10.win32_1.0.0.202111181127/tools/bin/../lib/gcc/arm-none-eabi/10.3.1/../../../../arm-none-eabi/lib/thumb/v7e-m+dp/hard\libc_nano.a(lib_a-lock.o)
                0x0000000008009488                __retarget_lock_init_recursive
 .text.__retarget_lock_acquire_recursive
                0x000000000800948a        0x2 c:/st/stm32cubeide_1.10.1/stm32cubeide/plugins/com.st.stm32cube.ide.mcu.externaltools.gnu-tools-for-stm32.10.3-2021.10.win32_1.0.0.202111181127/tools/bin/../lib/gcc/arm-none-eabi/10.3.1/../../../../arm-none-eabi/lib/thumb/v7e-m+dp/hard\libc_nano.a(lib_a-lock.o)
                0x000000000800948a                __retarget_lock_acquire_recursive
 .text.__retarget_lock_release_recursive
                0x000000000800948c        0x2 c:/st/stm32cubeide_1.10.1/stm32cubeide/plugins/com.st.stm32cube.ide.mcu.externaltools.gnu-tools-for-stm32.10.3-2021.10.win32_1.0.0.202111181127/tools/bin/../lib/gcc/arm-none-eabi/10.3.1/../../../../arm-none-eabi/lib/thumb/v7e-m+dp/hard\libc_nano.a(lib_a-lock.o)
                0x000000000800948c                __retarget_lock_release_recursive
 .text.memcpy   0x000000000800948e       0x1c c:/st/stm32cubeide_1.10.1/stm32cubeide/plugins/com.st.stm32cube.ide.mcu.externaltools.gnu-tools-for-stm32.10.3-2021.10.win32_1.0.0.202111181127/tools/bin/../lib/gcc/arm-none-eabi/10.3.1/../../../../arm-none-eabi/lib/thumb/v7e-m+dp/hard\libc_nano.a(lib_a-memcpy-stub.o)
                0x000000000800948e                memcpy
 .text.memset   0x00000000080094aa       0x10 c:/st/stm32cubeide_1.10.1/stm32cubeide/plugins/com.st.stm32cube.ide.mcu.externaltools.gnu-tools-for-stm32.10.3-2021.10.win32_1.0.0.202111181127/tools/bin/../lib/gcc/arm-none-eabi/10.3.1/../../../../arm-none-eabi/lib/thumb/v7e-m+dp/hard\libc_nano.a(lib_a-memset.o)
                0x00000000080094aa                memset
 *fill*         0x00000000080094ba        0x2 
 .text.sbrk_aligned
                0x00000000080094bc       0x40 c:/st/stm32cubeide_1.10.1/stm32cubeide/plugins/com.st.stm32cube.ide.mcu.externaltools.gnu-tools-for-stm32.10.3-2021.10.win32_1.0.0.202111181127/tools/bin/../lib/gcc/arm-none-eabi/10.3.1/../../../../arm-none-eabi/lib/thumb/v7e-m+dp/hard\libc_nano.a(lib_a-nano-mallocr.o)
 .text._malloc_r
                0x00000000080094fc       0xe8 c:/st/stm32cubeide_1.10.1/stm32cubeide/plugins/com.st.stm32cube.ide.mcu.externaltools.gnu-tools-for-stm32.10.3-2021.10.win32_1.0.0.202111181127/tools/bin/../lib/gcc/arm-none-eabi/10.3.1/../../../../arm-none-eabi/lib/thumb/v7e-m+dp/hard\libc_nano.a(lib_a-nano-mallocr.o)
                0x00000000080094fc                _malloc_r
 .text.__cvt    0x00000000080095e4       0xa4 c:/st/stm32cubeide_1.10.1/stm32cubeide/plugins/com.st.stm32cube.ide.mcu.externaltools.gnu-tools-for-stm32.10.3-2021.10.win32_1.0.0.202111181127/tools/bin/../lib/gcc/arm-none-eabi/10.3.1/../../../../arm-none-eabi/lib/thumb/v7e-m+dp/hard\libc_nano.a(lib_a-nano-vfprintf_float.o)
                0x00000000080095e4                __cvt
 .text.__exponent
                0x0000000008009688       0x7c c:/st/stm32cubeide_1.10.1/stm32cubeide/plugins/com.st.stm32cube.ide.mcu.externaltools.gnu-tools-for-stm32.10.3-2021.10.win32_1.0.0.202111181127/tools/bin/../lib/gcc/arm-none-eabi/10.3.1/../../../../arm-none-eabi/lib/thumb/v7e-m+dp/hard\libc_nano.a(lib_a-nano-vfprintf_float.o)
                0x0000000008009688                __exponent
 *fill*         0x0000000008009704        0x4 
 .text._printf_float
                0x0000000008009708      0x43c c:/st/stm32cubeide_1.10.1/stm32cubeide/plugins/com.st.stm32cube.ide.mcu.externaltools.gnu-tools-for-stm32.10.3-2021.10.win32_1.0.0.202111181127/tools/bin/../lib/gcc/arm-none-eabi/10.3.1/../../../../arm-none-eabi/lib/thumb/v7e-m+dp/hard\libc_nano.a(lib_a-nano-vfprintf_float.o)
                0x0000000008009708                _printf_float
 .text._printf_common
                0x0000000008009b44       0xda c:/st/stm32cubeide_1.10.1/stm32cubeide/plugins/com.st.stm32cube.ide.mcu.externaltools.gnu-tools-for-stm32.10.3-2021.10.win32_1.0.0.202111181127/tools/bin/../lib/gcc/arm-none-eabi/10.3.1/../../../../arm-none-eabi/lib/thumb/v7e-m+dp/hard\libc_nano.a(lib_a-nano-vfprintf_i.o)
                0x0000000008009b44                _printf_common
 *fill*         0x0000000008009c1e        0x2 
 .text._printf_i
                0x0000000008009c20      0x24c c:/st/stm32cubeide_1.10.1/stm32cubeide/plugins/com.st.stm32cube.ide.mcu.externaltools.gnu-tools-for-stm32.10.3-2021.10.win32_1.0.0.202111181127/tools/bin/../lib/gcc/arm-none-eabi/10.3.1/../../../../arm-none-eabi/lib/thumb/v7e-m+dp/hard\libc_nano.a(lib_a-nano-vfprintf_i.o)
                0x0000000008009c20                _printf_i
 .text.printf   0x0000000008009e6c       0x30 c:/st/stm32cubeide_1.10.1/stm32cubeide/plugins/com.st.stm32cube.ide.mcu.externaltools.gnu-tools-for-stm32.10.3-2021.10.win32_1.0.0.202111181127/tools/bin/../lib/gcc/arm-none-eabi/10.3.1/../../../../arm-none-eabi/lib/thumb/v7e-m+dp/hard\libc_nano.a(lib_a-printf.o)
                0x0000000008009e6c                iprintf
                0x0000000008009e6c                printf
 .text.cleanup_glue
                0x0000000008009e9c       0x1a c:/st/stm32cubeide_1.10.1/stm32cubeide/plugins/com.st.stm32cube.ide.mcu.externaltools.gnu-tools-for-stm32.10.3-2021.10.win32_1.0.0.202111181127/tools/bin/../lib/gcc/arm-none-eabi/10.3.1/../../../../arm-none-eabi/lib/thumb/v7e-m+dp/hard\libc_nano.a(lib_a-reent.o)
                0x0000000008009e9c                cleanup_glue
 *fill*         0x0000000008009eb6        0x2 
 .text._reclaim_reent
                0x0000000008009eb8       0xb8 c:/st/stm32cubeide_1.10.1/stm32cubeide/plugins/com.st.stm32cube.ide.mcu.externaltools.gnu-tools-for-stm32.10.3-2021.10.win32_1.0.0.202111181127/tools/bin/../lib/gcc/arm-none-eabi/10.3.1/../../../../arm-none-eabi/lib/thumb/v7e-m+dp/hard\libc_nano.a(lib_a-reent.o)
                0x0000000008009eb8                _reclaim_reent
 .text._sbrk_r  0x0000000008009f70       0x20 c:/st/stm32cubeide_1.10.1/stm32cubeide/plugins/com.st.stm32cube.ide.mcu.externaltools.gnu-tools-for-stm32.10.3-2021.10.win32_1.0.0.202111181127/tools/bin/../lib/gcc/arm-none-eabi/10.3.1/../../../../arm-none-eabi/lib/thumb/v7e-m+dp/hard\libc_nano.a(lib_a-sbrkr.o)
                0x0000000008009f70                _sbrk_r
 .text.__sread  0x0000000008009f90       0x22 c:/st/stm32cubeide_1.10.1/stm32cubeide/plugins/com.st.stm32cube.ide.mcu.externaltools.gnu-tools-for-stm32.10.3-2021.10.win32_1.0.0.202111181127/tools/bin/../lib/gcc/arm-none-eabi/10.3.1/../../../../arm-none-eabi/lib/thumb/v7e-m+dp/hard\libc_nano.a(lib_a-stdio.o)
                0x0000000008009f90                __sread
 .text.__swrite
                0x0000000008009fb2       0x38 c:/st/stm32cubeide_1.10.1/stm32cubeide/plugins/com.st.stm32cube.ide.mcu.externaltools.gnu-tools-for-stm32.10.3-2021.10.win32_1.0.0.202111181127/tools/bin/../lib/gcc/arm-none-eabi/10.3.1/../../../../arm-none-eabi/lib/thumb/v7e-m+dp/hard\libc_nano.a(lib_a-stdio.o)
                0x0000000008009fb2                __swrite
 .text.__sseek  0x0000000008009fea       0x24 c:/st/stm32cubeide_1.10.1/stm32cubeide/plugins/com.st.stm32cube.ide.mcu.externaltools.gnu-tools-for-stm32.10.3-2021.10.win32_1.0.0.202111181127/tools/bin/../lib/gcc/arm-none-eabi/10.3.1/../../../../arm-none-eabi/lib/thumb/v7e-m+dp/hard\libc_nano.a(lib_a-stdio.o)
                0x0000000008009fea                __sseek
 .text.__sclose
                0x000000000800a00e        0x8 c:/st/stm32cubeide_1.10.1/stm32cubeide/plugins/com.st.stm32cube.ide.mcu.externaltools.gnu-tools-for-stm32.10.3-2021.10.win32_1.0.0.202111181127/tools/bin/../lib/gcc/arm-none-eabi/10.3.1/../../../../arm-none-eabi/lib/thumb/v7e-m+dp/hard\libc_nano.a(lib_a-stdio.o)
                0x000000000800a00e                __sclose
 *fill*         0x000000000800a016        0x2 
 .text._write_r
                0x000000000800a018       0x24 c:/st/stm32cubeide_1.10.1/stm32cubeide/plugins/com.st.stm32cube.ide.mcu.externaltools.gnu-tools-for-stm32.10.3-2021.10.win32_1.0.0.202111181127/tools/bin/../lib/gcc/arm-none-eabi/10.3.1/../../../../arm-none-eabi/lib/thumb/v7e-m+dp/hard\libc_nano.a(lib_a-writer.o)
                0x000000000800a018                _write_r
 .text._close_r
                0x000000000800a03c       0x20 c:/st/stm32cubeide_1.10.1/stm32cubeide/plugins/com.st.stm32cube.ide.mcu.externaltools.gnu-tools-for-stm32.10.3-2021.10.win32_1.0.0.202111181127/tools/bin/../lib/gcc/arm-none-eabi/10.3.1/../../../../arm-none-eabi/lib/thumb/v7e-m+dp/hard\libc_nano.a(lib_a-closer.o)
                0x000000000800a03c                _close_r
 .text.quorem   0x000000000800a05c      0x116 c:/st/stm32cubeide_1.10.1/stm32cubeide/plugins/com.st.stm32cube.ide.mcu.externaltools.gnu-tools-for-stm32.10.3-2021.10.win32_1.0.0.202111181127/tools/bin/../lib/gcc/arm-none-eabi/10.3.1/../../../../arm-none-eabi/lib/thumb/v7e-m+dp/hard\libc_nano.a(lib_a-dtoa.o)
 *fill*         0x000000000800a172        0x6 
 .text._dtoa_r  0x000000000800a178      0xadc c:/st/stm32cubeide_1.10.1/stm32cubeide/plugins/com.st.stm32cube.ide.mcu.externaltools.gnu-tools-for-stm32.10.3-2021.10.win32_1.0.0.202111181127/tools/bin/../lib/gcc/arm-none-eabi/10.3.1/../../../../arm-none-eabi/lib/thumb/v7e-m+dp/hard\libc_nano.a(lib_a-dtoa.o)
                0x000000000800a178                _dtoa_r
 .text.__sflush_r
                0x000000000800ac54      0x10c c:/st/stm32cubeide_1.10.1/stm32cubeide/plugins/com.st.stm32cube.ide.mcu.externaltools.gnu-tools-for-stm32.10.3-2021.10.win32_1.0.0.202111181127/tools/bin/../lib/gcc/arm-none-eabi/10.3.1/../../../../arm-none-eabi/lib/thumb/v7e-m+dp/hard\libc_nano.a(lib_a-fflush.o)
                0x000000000800ac54                __sflush_r
 .text._fflush_r
                0x000000000800ad60       0x78 c:/st/stm32cubeide_1.10.1/stm32cubeide/plugins/com.st.stm32cube.ide.mcu.externaltools.gnu-tools-for-stm32.10.3-2021.10.win32_1.0.0.202111181127/tools/bin/../lib/gcc/arm-none-eabi/10.3.1/../../../../arm-none-eabi/lib/thumb/v7e-m+dp/hard\libc_nano.a(lib_a-fflush.o)
                0x000000000800ad60                _fflush_r
 .text._localeconv_r
                0x000000000800add8        0x8 c:/st/stm32cubeide_1.10.1/stm32cubeide/plugins/com.st.stm32cube.ide.mcu.externaltools.gnu-tools-for-stm32.10.3-2021.10.win32_1.0.0.202111181127/tools/bin/../lib/gcc/arm-none-eabi/10.3.1/../../../../arm-none-eabi/lib/thumb/v7e-m+dp/hard\libc_nano.a(lib_a-localeconv.o)
                0x000000000800add8                _localeconv_r
 .text._lseek_r
                0x000000000800ade0       0x24 c:/st/stm32cubeide_1.10.1/stm32cubeide/plugins/com.st.stm32cube.ide.mcu.externaltools.gnu-tools-for-stm32.10.3-2021.10.win32_1.0.0.202111181127/tools/bin/../lib/gcc/arm-none-eabi/10.3.1/../../../../arm-none-eabi/lib/thumb/v7e-m+dp/hard\libc_nano.a(lib_a-lseekr.o)
                0x000000000800ade0                _lseek_r
 .text.malloc   0x000000000800ae04       0x10 c:/st/stm32cubeide_1.10.1/stm32cubeide/plugins/com.st.stm32cube.ide.mcu.externaltools.gnu-tools-for-stm32.10.3-2021.10.win32_1.0.0.202111181127/tools/bin/../lib/gcc/arm-none-eabi/10.3.1/../../../../arm-none-eabi/lib/thumb/v7e-m+dp/hard\libc_nano.a(lib_a-malloc.o)
                0x000000000800ae04                malloc
 .text.__malloc_lock
                0x000000000800ae14        0xc c:/st/stm32cubeide_1.10.1/stm32cubeide/plugins/com.st.stm32cube.ide.mcu.externaltools.gnu-tools-for-stm32.10.3-2021.10.win32_1.0.0.202111181127/tools/bin/../lib/gcc/arm-none-eabi/10.3.1/../../../../arm-none-eabi/lib/thumb/v7e-m+dp/hard\libc_nano.a(lib_a-mlock.o)
                0x000000000800ae14                __malloc_lock
 .text.__malloc_unlock
                0x000000000800ae20        0xc c:/st/stm32cubeide_1.10.1/stm32cubeide/plugins/com.st.stm32cube.ide.mcu.externaltools.gnu-tools-for-stm32.10.3-2021.10.win32_1.0.0.202111181127/tools/bin/../lib/gcc/arm-none-eabi/10.3.1/../../../../arm-none-eabi/lib/thumb/v7e-m+dp/hard\libc_nano.a(lib_a-mlock.o)
                0x000000000800ae20                __malloc_unlock
 .text._Balloc  0x000000000800ae2c       0x80 c:/st/stm32cubeide_1.10.1/stm32cubeide/plugins/com.st.stm32cube.ide.mcu.externaltools.gnu-tools-for-stm32.10.3-2021.10.win32_1.0.0.202111181127/tools/bin/../lib/gcc/arm-none-eabi/10.3.1/../../../../arm-none-eabi/lib/thumb/v7e-m+dp/hard\libc_nano.a(lib_a-mprec.o)
                0x000000000800ae2c                _Balloc
 .text._Bfree   0x000000000800aeac       0x44 c:/st/stm32cubeide_1.10.1/stm32cubeide/plugins/com.st.stm32cube.ide.mcu.externaltools.gnu-tools-for-stm32.10.3-2021.10.win32_1.0.0.202111181127/tools/bin/../lib/gcc/arm-none-eabi/10.3.1/../../../../arm-none-eabi/lib/thumb/v7e-m+dp/hard\libc_nano.a(lib_a-mprec.o)
                0x000000000800aeac                _Bfree
 .text.__multadd
                0x000000000800aef0       0x8c c:/st/stm32cubeide_1.10.1/stm32cubeide/plugins/com.st.stm32cube.ide.mcu.externaltools.gnu-tools-for-stm32.10.3-2021.10.win32_1.0.0.202111181127/tools/bin/../lib/gcc/arm-none-eabi/10.3.1/../../../../arm-none-eabi/lib/thumb/v7e-m+dp/hard\libc_nano.a(lib_a-mprec.o)
                0x000000000800aef0                __multadd
 .text.__hi0bits
                0x000000000800af7c       0x40 c:/st/stm32cubeide_1.10.1/stm32cubeide/plugins/com.st.stm32cube.ide.mcu.externaltools.gnu-tools-for-stm32.10.3-2021.10.win32_1.0.0.202111181127/tools/bin/../lib/gcc/arm-none-eabi/10.3.1/../../../../arm-none-eabi/lib/thumb/v7e-m+dp/hard\libc_nano.a(lib_a-mprec.o)
                0x000000000800af7c                __hi0bits
 .text.__lo0bits
                0x000000000800afbc       0x5e c:/st/stm32cubeide_1.10.1/stm32cubeide/plugins/com.st.stm32cube.ide.mcu.externaltools.gnu-tools-for-stm32.10.3-2021.10.win32_1.0.0.202111181127/tools/bin/../lib/gcc/arm-none-eabi/10.3.1/../../../../arm-none-eabi/lib/thumb/v7e-m+dp/hard\libc_nano.a(lib_a-mprec.o)
                0x000000000800afbc                __lo0bits
 *fill*         0x000000000800b01a        0x2 
 .text.__i2b    0x000000000800b01c       0x2c c:/st/stm32cubeide_1.10.1/stm32cubeide/plugins/com.st.stm32cube.ide.mcu.externaltools.gnu-tools-for-stm32.10.3-2021.10.win32_1.0.0.202111181127/tools/bin/../lib/gcc/arm-none-eabi/10.3.1/../../../../arm-none-eabi/lib/thumb/v7e-m+dp/hard\libc_nano.a(lib_a-mprec.o)
                0x000000000800b01c                __i2b
 .text.__multiply
                0x000000000800b048      0x154 c:/st/stm32cubeide_1.10.1/stm32cubeide/plugins/com.st.stm32cube.ide.mcu.externaltools.gnu-tools-for-stm32.10.3-2021.10.win32_1.0.0.202111181127/tools/bin/../lib/gcc/arm-none-eabi/10.3.1/../../../../arm-none-eabi/lib/thumb/v7e-m+dp/hard\libc_nano.a(lib_a-mprec.o)
                0x000000000800b048                __multiply
 .text.__pow5mult
                0x000000000800b19c       0xb4 c:/st/stm32cubeide_1.10.1/stm32cubeide/plugins/com.st.stm32cube.ide.mcu.externaltools.gnu-tools-for-stm32.10.3-2021.10.win32_1.0.0.202111181127/tools/bin/../lib/gcc/arm-none-eabi/10.3.1/../../../../arm-none-eabi/lib/thumb/v7e-m+dp/hard\libc_nano.a(lib_a-mprec.o)
                0x000000000800b19c                __pow5mult
 .text.__lshift
                0x000000000800b250       0xe0 c:/st/stm32cubeide_1.10.1/stm32cubeide/plugins/com.st.stm32cube.ide.mcu.externaltools.gnu-tools-for-stm32.10.3-2021.10.win32_1.0.0.202111181127/tools/bin/../lib/gcc/arm-none-eabi/10.3.1/../../../../arm-none-eabi/lib/thumb/v7e-m+dp/hard\libc_nano.a(lib_a-mprec.o)
                0x000000000800b250                __lshift
 .text.__mcmp   0x000000000800b330       0x38 c:/st/stm32cubeide_1.10.1/stm32cubeide/plugins/com.st.stm32cube.ide.mcu.externaltools.gnu-tools-for-stm32.10.3-2021.10.win32_1.0.0.202111181127/tools/bin/../lib/gcc/arm-none-eabi/10.3.1/../../../../arm-none-eabi/lib/thumb/v7e-m+dp/hard\libc_nano.a(lib_a-mprec.o)
                0x000000000800b330                __mcmp
 .text.__mdiff  0x000000000800b368      0x114 c:/st/stm32cubeide_1.10.1/stm32cubeide/plugins/com.st.stm32cube.ide.mcu.externaltools.gnu-tools-for-stm32.10.3-2021.10.win32_1.0.0.202111181127/tools/bin/../lib/gcc/arm-none-eabi/10.3.1/../../../../arm-none-eabi/lib/thumb/v7e-m+dp/hard\libc_nano.a(lib_a-mprec.o)
                0x000000000800b368                __mdiff
 .text.__d2b    0x000000000800b47c       0xb8 c:/st/stm32cubeide_1.10.1/stm32cubeide/plugins/com.st.stm32cube.ide.mcu.externaltools.gnu-tools-for-stm32.10.3-2021.10.win32_1.0.0.202111181127/tools/bin/../lib/gcc/arm-none-eabi/10.3.1/../../../../arm-none-eabi/lib/thumb/v7e-m+dp/hard\libc_nano.a(lib_a-mprec.o)
                0x000000000800b47c                __d2b
 .text._calloc_r
                0x000000000800b534       0x2c c:/st/stm32cubeide_1.10.1/stm32cubeide/plugins/com.st.stm32cube.ide.mcu.externaltools.gnu-tools-for-stm32.10.3-2021.10.win32_1.0.0.202111181127/tools/bin/../lib/gcc/arm-none-eabi/10.3.1/../../../../arm-none-eabi/lib/thumb/v7e-m+dp/hard\libc_nano.a(lib_a-nano-callocr.o)
                0x000000000800b534                _calloc_r
 .text._free_r  0x000000000800b560       0x98 c:/st/stm32cubeide_1.10.1/stm32cubeide/plugins/com.st.stm32cube.ide.mcu.externaltools.gnu-tools-for-stm32.10.3-2021.10.win32_1.0.0.202111181127/tools/bin/../lib/gcc/arm-none-eabi/10.3.1/../../../../arm-none-eabi/lib/thumb/v7e-m+dp/hard\libc_nano.a(lib_a-nano-freer.o)
                0x000000000800b560                _free_r
 .text.__sfputc_r
                0x000000000800b5f8       0x2e c:/st/stm32cubeide_1.10.1/stm32cubeide/plugins/com.st.stm32cube.ide.mcu.externaltools.gnu-tools-for-stm32.10.3-2021.10.win32_1.0.0.202111181127/tools/bin/../lib/gcc/arm-none-eabi/10.3.1/../../../../arm-none-eabi/lib/thumb/v7e-m+dp/hard\libc_nano.a(lib_a-nano-vfprintf.o)
 .text.__sfputs_r
                0x000000000800b626       0x24 c:/st/stm32cubeide_1.10.1/stm32cubeide/plugins/com.st.stm32cube.ide.mcu.externaltools.gnu-tools-for-stm32.10.3-2021.10.win32_1.0.0.202111181127/tools/bin/../lib/gcc/arm-none-eabi/10.3.1/../../../../arm-none-eabi/lib/thumb/v7e-m+dp/hard\libc_nano.a(lib_a-nano-vfprintf.o)
                0x000000000800b626                __sfputs_r
 *fill*         0x000000000800b64a        0x2 
 .text._vfprintf_r
                0x000000000800b64c      0x260 c:/st/stm32cubeide_1.10.1/stm32cubeide/plugins/com.st.stm32cube.ide.mcu.externaltools.gnu-tools-for-stm32.10.3-2021.10.win32_1.0.0.202111181127/tools/bin/../lib/gcc/arm-none-eabi/10.3.1/../../../../arm-none-eabi/lib/thumb/v7e-m+dp/hard\libc_nano.a(lib_a-nano-vfprintf.o)
                0x000000000800b64c                _vfprintf_r
                0x000000000800b64c                _vfiprintf_r
 .text._read_r  0x000000000800b8ac       0x24 c:/st/stm32cubeide_1.10.1/stm32cubeide/plugins/com.st.stm32cube.ide.mcu.externaltools.gnu-tools-for-stm32.10.3-2021.10.win32_1.0.0.202111181127/tools/bin/../lib/gcc/arm-none-eabi/10.3.1/../../../../arm-none-eabi/lib/thumb/v7e-m+dp/hard\libc_nano.a(lib_a-readr.o)
                0x000000000800b8ac                _read_r
 .text.__swbuf_r
                0x000000000800b8d0       0xa4 c:/st/stm32cubeide_1.10.1/stm32cubeide/plugins/com.st.stm32cube.ide.mcu.externaltools.gnu-tools-for-stm32.10.3-2021.10.win32_1.0.0.202111181127/tools/bin/../lib/gcc/arm-none-eabi/10.3.1/../../../../arm-none-eabi/lib/thumb/v7e-m+dp/hard\libc_nano.a(lib_a-wbuf.o)
                0x000000000800b8d0                __swbuf_r
 .text.__swsetup_r
                0x000000000800b974       0xdc c:/st/stm32cubeide_1.10.1/stm32cubeide/plugins/com.st.stm32cube.ide.mcu.externaltools.gnu-tools-for-stm32.10.3-2021.10.win32_1.0.0.202111181127/tools/bin/../lib/gcc/arm-none-eabi/10.3.1/../../../../arm-none-eabi/lib/thumb/v7e-m+dp/hard\libc_nano.a(lib_a-wsetup.o)
                0x000000000800b974                __swsetup_r
 .text.__assert_func
                0x000000000800ba50       0x3c c:/st/stm32cubeide_1.10.1/stm32cubeide/plugins/com.st.stm32cube.ide.mcu.externaltools.gnu-tools-for-stm32.10.3-2021.10.win32_1.0.0.202111181127/tools/bin/../lib/gcc/arm-none-eabi/10.3.1/../../../../arm-none-eabi/lib/thumb/v7e-m+dp/hard\libc_nano.a(lib_a-assert.o)
                0x000000000800ba50                __assert_func
 .text.fprintf  0x000000000800ba8c       0x24 c:/st/stm32cubeide_1.10.1/stm32cubeide/plugins/com.st.stm32cube.ide.mcu.externaltools.gnu-tools-for-stm32.10.3-2021.10.win32_1.0.0.202111181127/tools/bin/../lib/gcc/arm-none-eabi/10.3.1/../../../../arm-none-eabi/lib/thumb/v7e-m+dp/hard\libc_nano.a(lib_a-fprintf.o)
                0x000000000800ba8c                fiprintf
                0x000000000800ba8c                fprintf
 .text.__swhatbuf_r
                0x000000000800bab0       0x4a c:/st/stm32cubeide_1.10.1/stm32cubeide/plugins/com.st.stm32cube.ide.mcu.externaltools.gnu-tools-for-stm32.10.3-2021.10.win32_1.0.0.202111181127/tools/bin/../lib/gcc/arm-none-eabi/10.3.1/../../../../arm-none-eabi/lib/thumb/v7e-m+dp/hard\libc_nano.a(lib_a-makebuf.o)
                0x000000000800bab0                __swhatbuf_r
 *fill*         0x000000000800bafa        0x2 
 .text.__smakebuf_r
                0x000000000800bafc       0x80 c:/st/stm32cubeide_1.10.1/stm32cubeide/plugins/com.st.stm32cube.ide.mcu.externaltools.gnu-tools-for-stm32.10.3-2021.10.win32_1.0.0.202111181127/tools/bin/../lib/gcc/arm-none-eabi/10.3.1/../../../../arm-none-eabi/lib/thumb/v7e-m+dp/hard\libc_nano.a(lib_a-makebuf.o)
                0x000000000800bafc                __smakebuf_r
 .text.__ascii_mbtowc
                0x000000000800bb7c       0x24 c:/st/stm32cubeide_1.10.1/stm32cubeide/plugins/com.st.stm32cube.ide.mcu.externaltools.gnu-tools-for-stm32.10.3-2021.10.win32_1.0.0.202111181127/tools/bin/../lib/gcc/arm-none-eabi/10.3.1/../../../../arm-none-eabi/lib/thumb/v7e-m+dp/hard\libc_nano.a(lib_a-mbtowc_r.o)
                0x000000000800bb7c                __ascii_mbtowc
 .text.__ascii_wctomb
                0x000000000800bba0       0x1a c:/st/stm32cubeide_1.10.1/stm32cubeide/plugins/com.st.stm32cube.ide.mcu.externaltools.gnu-tools-for-stm32.10.3-2021.10.win32_1.0.0.202111181127/tools/bin/../lib/gcc/arm-none-eabi/10.3.1/../../../../arm-none-eabi/lib/thumb/v7e-m+dp/hard\libc_nano.a(lib_a-wctomb_r.o)
                0x000000000800bba0                __ascii_wctomb
 .text.abort    0x000000000800bbba        0xe c:/st/stm32cubeide_1.10.1/stm32cubeide/plugins/com.st.stm32cube.ide.mcu.externaltools.gnu-tools-for-stm32.10.3-2021.10.win32_1.0.0.202111181127/tools/bin/../lib/gcc/arm-none-eabi/10.3.1/../../../../arm-none-eabi/lib/thumb/v7e-m+dp/hard\libc_nano.a(lib_a-abort.o)
                0x000000000800bbba                abort
 .text._fstat_r
                0x000000000800bbc8       0x24 c:/st/stm32cubeide_1.10.1/stm32cubeide/plugins/com.st.stm32cube.ide.mcu.externaltools.gnu-tools-for-stm32.10.3-2021.10.win32_1.0.0.202111181127/tools/bin/../lib/gcc/arm-none-eabi/10.3.1/../../../../arm-none-eabi/lib/thumb/v7e-m+dp/hard\libc_nano.a(lib_a-fstatr.o)
                0x000000000800bbc8                _fstat_r
 .text._isatty_r
                0x000000000800bbec       0x20 c:/st/stm32cubeide_1.10.1/stm32cubeide/plugins/com.st.stm32cube.ide.mcu.externaltools.gnu-tools-for-stm32.10.3-2021.10.win32_1.0.0.202111181127/tools/bin/../lib/gcc/arm-none-eabi/10.3.1/../../../../arm-none-eabi/lib/thumb/v7e-m+dp/hard\libc_nano.a(lib_a-isattyr.o)
                0x000000000800bbec                _isatty_r
 .text._raise_r
                0x000000000800bc0c       0x50 c:/st/stm32cubeide_1.10.1/stm32cubeide/plugins/com.st.stm32cube.ide.mcu.externaltools.gnu-tools-for-stm32.10.3-2021.10.win32_1.0.0.202111181127/tools/bin/../lib/gcc/arm-none-eabi/10.3.1/../../../../arm-none-eabi/lib/thumb/v7e-m+dp/hard\libc_nano.a(lib_a-signal.o)
                0x000000000800bc0c                _raise_r
 .text.raise    0x000000000800bc5c       0x10 c:/st/stm32cubeide_1.10.1/stm32cubeide/plugins/com.st.stm32cube.ide.mcu.externaltools.gnu-tools-for-stm32.10.3-2021.10.win32_1.0.0.202111181127/tools/bin/../lib/gcc/arm-none-eabi/10.3.1/../../../../arm-none-eabi/lib/thumb/v7e-m+dp/hard\libc_nano.a(lib_a-signal.o)
                0x000000000800bc5c                raise
 .text._kill_r  0x000000000800bc6c       0x24 c:/st/stm32cubeide_1.10.1/stm32cubeide/plugins/com.st.stm32cube.ide.mcu.externaltools.gnu-tools-for-stm32.10.3-2021.10.win32_1.0.0.202111181127/tools/bin/../lib/gcc/arm-none-eabi/10.3.1/../../../../arm-none-eabi/lib/thumb/v7e-m+dp/hard\libc_nano.a(lib_a-signalr.o)
                0x000000000800bc6c                _kill_r
 .text._getpid_r
                0x000000000800bc90        0x4 c:/st/stm32cubeide_1.10.1/stm32cubeide/plugins/com.st.stm32cube.ide.mcu.externaltools.gnu-tools-for-stm32.10.3-2021.10.win32_1.0.0.202111181127/tools/bin/../lib/gcc/arm-none-eabi/10.3.1/../../../../arm-none-eabi/lib/thumb/v7e-m+dp/hard\libc_nano.a(lib_a-signalr.o)
                0x000000000800bc90                _getpid_r
 *(.glue_7)
 .glue_7        0x000000000800bc94        0x0 linker stubs
 *(.glue_7t)
 .glue_7t       0x000000000800bc94        0x0 linker stubs
 *(.eh_frame)
 .eh_frame      0x000000000800bc94        0x0 c:/st/stm32cubeide_1.10.1/stm32cubeide/plugins/com.st.stm32cube.ide.mcu.externaltools.gnu-tools-for-stm32.10.3-2021.10.win32_1.0.0.202111181127/tools/bin/../lib/gcc/arm-none-eabi/10.3.1/thumb/v7e-m+dp/hard/crtbegin.o
 *(.init)
 .init          0x000000000800bc94        0x4 c:/st/stm32cubeide_1.10.1/stm32cubeide/plugins/com.st.stm32cube.ide.mcu.externaltools.gnu-tools-for-stm32.10.3-2021.10.win32_1.0.0.202111181127/tools/bin/../lib/gcc/arm-none-eabi/10.3.1/thumb/v7e-m+dp/hard/crti.o
                0x000000000800bc94                _init
 .init          0x000000000800bc98        0x8 c:/st/stm32cubeide_1.10.1/stm32cubeide/plugins/com.st.stm32cube.ide.mcu.externaltools.gnu-tools-for-stm32.10.3-2021.10.win32_1.0.0.202111181127/tools/bin/../lib/gcc/arm-none-eabi/10.3.1/thumb/v7e-m+dp/hard/crtn.o
 *(.fini)
 .fini          0x000000000800bca0        0x4 c:/st/stm32cubeide_1.10.1/stm32cubeide/plugins/com.st.stm32cube.ide.mcu.externaltools.gnu-tools-for-stm32.10.3-2021.10.win32_1.0.0.202111181127/tools/bin/../lib/gcc/arm-none-eabi/10.3.1/thumb/v7e-m+dp/hard/crti.o
                0x000000000800bca0                _fini
 .fini          0x000000000800bca4        0x8 c:/st/stm32cubeide_1.10.1/stm32cubeide/plugins/com.st.stm32cube.ide.mcu.externaltools.gnu-tools-for-stm32.10.3-2021.10.win32_1.0.0.202111181127/tools/bin/../lib/gcc/arm-none-eabi/10.3.1/thumb/v7e-m+dp/hard/crtn.o
                0x000000000800bcac                . = ALIGN (0x4)
                0x000000000800bcac                _etext = .

.vfp11_veneer   0x000000000800bcac        0x0
 .vfp11_veneer  0x000000000800bcac        0x0 linker stubs

.v4_bx          0x000000000800bcac        0x0
 .v4_bx         0x000000000800bcac        0x0 linker stubs

.iplt           0x000000000800bcac        0x0
 .iplt          0x000000000800bcac        0x0 c:/st/stm32cubeide_1.10.1/stm32cubeide/plugins/com.st.stm32cube.ide.mcu.externaltools.gnu-tools-for-stm32.10.3-2021.10.win32_1.0.0.202111181127/tools/bin/../lib/gcc/arm-none-eabi/10.3.1/thumb/v7e-m+dp/hard/crtbegin.o

.rodata         0x000000000800bcb0      0x4ac
                0x000000000800bcb0                . = ALIGN (0x4)
 *(.rodata)
 .rodata        0x000000000800bcb0       0x5c ./Core/Src/main.o
 .rodata        0x000000000800bd0c        0x5 ./Middlewares/Third_Party/FreeRTOS/tasks.o
 *fill*         0x000000000800bd11        0x3 
 .rodata        0x000000000800bd14        0xd ./Middlewares/Third_Party/FreeRTOS/timers.o
 *(.rodata*)
 *fill*         0x000000000800bd21        0x3 
 .rodata.D1CorePrescTable
                0x000000000800bd24       0x10 ./Common/Src/system_stm32h7xx_dualcore_boot_cm4_cm7.o
                0x000000000800bd24                D1CorePrescTable
 .rodata.defaultTask_attributes
                0x000000000800bd34       0x24 ./Core/Src/main.o
                0x000000000800bd34                defaultTask_attributes
 .rodata.UARTPrescTable
                0x000000000800bd58       0x18 ./Drivers/STM32H7xx_HAL_Driver/stm32h7xx_hal_uart.o
                0x000000000800bd58                UARTPrescTable
 .rodata.numerator.1
                0x000000000800bd70        0x8 ./Drivers/STM32H7xx_HAL_Driver/stm32h7xx_hal_uart_ex.o
 .rodata.denominator.0
                0x000000000800bd78        0x8 ./Drivers/STM32H7xx_HAL_Driver/stm32h7xx_hal_uart_ex.o
 .rodata.__sf_fake_stderr
                0x000000000800bd80       0x20 c:/st/stm32cubeide_1.10.1/stm32cubeide/plugins/com.st.stm32cube.ide.mcu.externaltools.gnu-tools-for-stm32.10.3-2021.10.win32_1.0.0.202111181127/tools/bin/../lib/gcc/arm-none-eabi/10.3.1/../../../../arm-none-eabi/lib/thumb/v7e-m+dp/hard\libc_nano.a(lib_a-findfp.o)
                0x000000000800bd80                __sf_fake_stderr
 .rodata.__sf_fake_stdin
                0x000000000800bda0       0x20 c:/st/stm32cubeide_1.10.1/stm32cubeide/plugins/com.st.stm32cube.ide.mcu.externaltools.gnu-tools-for-stm32.10.3-2021.10.win32_1.0.0.202111181127/tools/bin/../lib/gcc/arm-none-eabi/10.3.1/../../../../arm-none-eabi/lib/thumb/v7e-m+dp/hard\libc_nano.a(lib_a-findfp.o)
                0x000000000800bda0                __sf_fake_stdin
 .rodata.__sf_fake_stdout
                0x000000000800bdc0       0x20 c:/st/stm32cubeide_1.10.1/stm32cubeide/plugins/com.st.stm32cube.ide.mcu.externaltools.gnu-tools-for-stm32.10.3-2021.10.win32_1.0.0.202111181127/tools/bin/../lib/gcc/arm-none-eabi/10.3.1/../../../../arm-none-eabi/lib/thumb/v7e-m+dp/hard\libc_nano.a(lib_a-findfp.o)
                0x000000000800bdc0                __sf_fake_stdout
 .rodata._global_impure_ptr
                0x000000000800bde0        0x4 c:/st/stm32cubeide_1.10.1/stm32cubeide/plugins/com.st.stm32cube.ide.mcu.externaltools.gnu-tools-for-stm32.10.3-2021.10.win32_1.0.0.202111181127/tools/bin/../lib/gcc/arm-none-eabi/10.3.1/../../../../arm-none-eabi/lib/thumb/v7e-m+dp/hard\libc_nano.a(lib_a-impure.o)
                0x000000000800bde0                _global_impure_ptr
 .rodata._printf_float.str1.1
                0x000000000800bde4       0x12 c:/st/stm32cubeide_1.10.1/stm32cubeide/plugins/com.st.stm32cube.ide.mcu.externaltools.gnu-tools-for-stm32.10.3-2021.10.win32_1.0.0.202111181127/tools/bin/../lib/gcc/arm-none-eabi/10.3.1/../../../../arm-none-eabi/lib/thumb/v7e-m+dp/hard\libc_nano.a(lib_a-nano-vfprintf_float.o)
 .rodata._printf_i.str1.1
                0x000000000800bdf6       0x22 c:/st/stm32cubeide_1.10.1/stm32cubeide/plugins/com.st.stm32cube.ide.mcu.externaltools.gnu-tools-for-stm32.10.3-2021.10.win32_1.0.0.202111181127/tools/bin/../lib/gcc/arm-none-eabi/10.3.1/../../../../arm-none-eabi/lib/thumb/v7e-m+dp/hard\libc_nano.a(lib_a-nano-vfprintf_i.o)
 .rodata._dtoa_r.str1.1
                0x000000000800be18       0x90 c:/st/stm32cubeide_1.10.1/stm32cubeide/plugins/com.st.stm32cube.ide.mcu.externaltools.gnu-tools-for-stm32.10.3-2021.10.win32_1.0.0.202111181127/tools/bin/../lib/gcc/arm-none-eabi/10.3.1/../../../../arm-none-eabi/lib/thumb/v7e-m+dp/hard\libc_nano.a(lib_a-dtoa.o)
                                         0x92 (size before relaxing)
 .rodata._Balloc.str1.1
                0x000000000800bea8       0x5c c:/st/stm32cubeide_1.10.1/stm32cubeide/plugins/com.st.stm32cube.ide.mcu.externaltools.gnu-tools-for-stm32.10.3-2021.10.win32_1.0.0.202111181127/tools/bin/../lib/gcc/arm-none-eabi/10.3.1/../../../../arm-none-eabi/lib/thumb/v7e-m+dp/hard\libc_nano.a(lib_a-mprec.o)
                                         0x73 (size before relaxing)
 .rodata.__multadd.str1.1
                0x000000000800bf04       0x11 c:/st/stm32cubeide_1.10.1/stm32cubeide/plugins/com.st.stm32cube.ide.mcu.externaltools.gnu-tools-for-stm32.10.3-2021.10.win32_1.0.0.202111181127/tools/bin/../lib/gcc/arm-none-eabi/10.3.1/../../../../arm-none-eabi/lib/thumb/v7e-m+dp/hard\libc_nano.a(lib_a-mprec.o)
 *fill*         0x000000000800bf04        0x4 
 .rodata.__mprec_bigtens
                0x000000000800bf08       0x28 c:/st/stm32cubeide_1.10.1/stm32cubeide/plugins/com.st.stm32cube.ide.mcu.externaltools.gnu-tools-for-stm32.10.3-2021.10.win32_1.0.0.202111181127/tools/bin/../lib/gcc/arm-none-eabi/10.3.1/../../../../arm-none-eabi/lib/thumb/v7e-m+dp/hard\libc_nano.a(lib_a-mprec.o)
                0x000000000800bf08                __mprec_bigtens
 .rodata.__mprec_tens
                0x000000000800bf30       0xc8 c:/st/stm32cubeide_1.10.1/stm32cubeide/plugins/com.st.stm32cube.ide.mcu.externaltools.gnu-tools-for-stm32.10.3-2021.10.win32_1.0.0.202111181127/tools/bin/../lib/gcc/arm-none-eabi/10.3.1/../../../../arm-none-eabi/lib/thumb/v7e-m+dp/hard\libc_nano.a(lib_a-mprec.o)
                0x000000000800bf30                __mprec_tens
 .rodata.p05.0  0x000000000800bff8        0xc c:/st/stm32cubeide_1.10.1/stm32cubeide/plugins/com.st.stm32cube.ide.mcu.externaltools.gnu-tools-for-stm32.10.3-2021.10.win32_1.0.0.202111181127/tools/bin/../lib/gcc/arm-none-eabi/10.3.1/../../../../arm-none-eabi/lib/thumb/v7e-m+dp/hard\libc_nano.a(lib_a-mprec.o)
 .rodata._vfprintf_r.str1.1
                0x000000000800c004       0x11 c:/st/stm32cubeide_1.10.1/stm32cubeide/plugins/com.st.stm32cube.ide.mcu.externaltools.gnu-tools-for-stm32.10.3-2021.10.win32_1.0.0.202111181127/tools/bin/../lib/gcc/arm-none-eabi/10.3.1/../../../../arm-none-eabi/lib/thumb/v7e-m+dp/hard\libc_nano.a(lib_a-nano-vfprintf.o)
 .rodata.__assert_func.str1.1
                0x000000000800c015       0x3c c:/st/stm32cubeide_1.10.1/stm32cubeide/plugins/com.st.stm32cube.ide.mcu.externaltools.gnu-tools-for-stm32.10.3-2021.10.win32_1.0.0.202111181127/tools/bin/../lib/gcc/arm-none-eabi/10.3.1/../../../../arm-none-eabi/lib/thumb/v7e-m+dp/hard\libc_nano.a(lib_a-assert.o)
                                         0x3d (size before relaxing)
 .rodata._setlocale_r.str1.1
                0x000000000800c051        0x8 c:/st/stm32cubeide_1.10.1/stm32cubeide/plugins/com.st.stm32cube.ide.mcu.externaltools.gnu-tools-for-stm32.10.3-2021.10.win32_1.0.0.202111181127/tools/bin/../lib/gcc/arm-none-eabi/10.3.1/../../../../arm-none-eabi/lib/thumb/v7e-m+dp/hard\libc_nano.a(lib_a-locale.o)
                                          0x9 (size before relaxing)
 .rodata.str1.1
                0x000000000800c059        0x2 c:/st/stm32cubeide_1.10.1/stm32cubeide/plugins/com.st.stm32cube.ide.mcu.externaltools.gnu-tools-for-stm32.10.3-2021.10.win32_1.0.0.202111181127/tools/bin/../lib/gcc/arm-none-eabi/10.3.1/../../../../arm-none-eabi/lib/thumb/v7e-m+dp/hard\libc_nano.a(lib_a-locale.o)
 .rodata._ctype_
                0x000000000800c05b      0x101 c:/st/stm32cubeide_1.10.1/stm32cubeide/plugins/com.st.stm32cube.ide.mcu.externaltools.gnu-tools-for-stm32.10.3-2021.10.win32_1.0.0.202111181127/tools/bin/../lib/gcc/arm-none-eabi/10.3.1/../../../../arm-none-eabi/lib/thumb/v7e-m+dp/hard\libc_nano.a(lib_a-ctype_.o)
                0x000000000800c05b                _ctype_
                0x000000000800c15c                . = ALIGN (0x4)

.ARM.extab      0x000000000800c15c        0x0
                0x000000000800c15c                . = ALIGN (0x4)
 *(.ARM.extab* .gnu.linkonce.armextab.*)
                0x000000000800c15c                . = ALIGN (0x4)

.ARM            0x000000000800c15c        0x8
                0x000000000800c15c                . = ALIGN (0x4)
                0x000000000800c15c                __exidx_start = .
 *(.ARM.exidx*)
 .ARM.exidx     0x000000000800c15c        0x8 c:/st/stm32cubeide_1.10.1/stm32cubeide/plugins/com.st.stm32cube.ide.mcu.externaltools.gnu-tools-for-stm32.10.3-2021.10.win32_1.0.0.202111181127/tools/bin/../lib/gcc/arm-none-eabi/10.3.1/thumb/v7e-m+dp/hard\libgcc.a(_udivmoddi4.o)
                0x000000000800c164                __exidx_end = .
                0x000000000800c164                . = ALIGN (0x4)

.rel.dyn        0x000000000800c164        0x0
 .rel.iplt      0x000000000800c164        0x0 c:/st/stm32cubeide_1.10.1/stm32cubeide/plugins/com.st.stm32cube.ide.mcu.externaltools.gnu-tools-for-stm32.10.3-2021.10.win32_1.0.0.202111181127/tools/bin/../lib/gcc/arm-none-eabi/10.3.1/thumb/v7e-m+dp/hard/crtbegin.o

.preinit_array  0x000000000800c164        0x0
                0x000000000800c164                . = ALIGN (0x4)
                0x000000000800c164                PROVIDE (__preinit_array_start = .)
 *(.preinit_array*)
                0x000000000800c164                PROVIDE (__preinit_array_end = .)
                0x000000000800c164                . = ALIGN (0x4)

.init_array     0x000000000800c164        0x4
                0x000000000800c164                . = ALIGN (0x4)
                0x000000000800c164                PROVIDE (__init_array_start = .)
 *(SORT_BY_NAME(.init_array.*))
 *(.init_array*)
 .init_array    0x000000000800c164        0x4 c:/st/stm32cubeide_1.10.1/stm32cubeide/plugins/com.st.stm32cube.ide.mcu.externaltools.gnu-tools-for-stm32.10.3-2021.10.win32_1.0.0.202111181127/tools/bin/../lib/gcc/arm-none-eabi/10.3.1/thumb/v7e-m+dp/hard/crtbegin.o
                0x000000000800c168                PROVIDE (__init_array_end = .)
                0x000000000800c168                . = ALIGN (0x4)

.fini_array     0x000000000800c168        0x4
                0x000000000800c168                . = ALIGN (0x4)
                [!provide]                        PROVIDE (__fini_array_start = .)
 *(SORT_BY_NAME(.fini_array.*))
 *(.fini_array*)
 .fini_array    0x000000000800c168        0x4 c:/st/stm32cubeide_1.10.1/stm32cubeide/plugins/com.st.stm32cube.ide.mcu.externaltools.gnu-tools-for-stm32.10.3-2021.10.win32_1.0.0.202111181127/tools/bin/../lib/gcc/arm-none-eabi/10.3.1/thumb/v7e-m+dp/hard/crtbegin.o
                [!provide]                        PROVIDE (__fini_array_end = .)
                0x000000000800c16c                . = ALIGN (0x4)
                0x000000000800c16c                _sidata = LOADADDR (.data)

.data           0x0000000024000000      0x1e4 load address 0x000000000800c16c
                0x0000000024000000                . = ALIGN (0x4)
                0x0000000024000000                _sdata = .
 *(.data)
 *(.data*)
 .data.SystemCoreClock
                0x0000000024000000        0x4 ./Common/Src/system_stm32h7xx_dualcore_boot_cm4_cm7.o
                0x0000000024000000                SystemCoreClock
 .data.SystemD2Clock
                0x0000000024000004        0x4 ./Common/Src/system_stm32h7xx_dualcore_boot_cm4_cm7.o
                0x0000000024000004                SystemD2Clock
 .data.uwTickPrio
                0x0000000024000008        0x4 ./Drivers/STM32H7xx_HAL_Driver/stm32h7xx_hal.o
                0x0000000024000008                uwTickPrio
 .data.uwTickFreq
                0x000000002400000c        0x1 ./Drivers/STM32H7xx_HAL_Driver/stm32h7xx_hal.o
                0x000000002400000c                uwTickFreq
 *fill*         0x000000002400000d        0x3 
 .data.uxCriticalNesting
                0x0000000024000010        0x4 ./Middlewares/Third_Party/FreeRTOS/port.o
 .data._impure_ptr